Component: ARM Compiler 5.06 update 7 (build 960) Tool: armlink [4d3601]

==============================================================================

Section Cross References

    startup_stm32f407xx.o(STACK) refers (Special) to heapauxi.o(.text) for __use_two_region_memory
    startup_stm32f407xx.o(HEAP) refers (Special) to heapauxi.o(.text) for __use_two_region_memory
    startup_stm32f407xx.o(RESET) refers (Special) to heapauxi.o(.text) for __use_two_region_memory
    startup_stm32f407xx.o(RESET) refers to startup_stm32f407xx.o(STACK) for __initial_sp
    startup_stm32f407xx.o(RESET) refers to startup_stm32f407xx.o(.text) for Reset_Handler
    startup_stm32f407xx.o(RESET) refers to stm32f4xx_it.o(i.NMI_Handler) for NMI_Handler
    startup_stm32f407xx.o(RESET) refers to stm32f4xx_it.o(i.HardFault_Handler) for HardFault_Handler
    startup_stm32f407xx.o(RESET) refers to stm32f4xx_it.o(i.MemManage_Handler) for MemManage_Handler
    startup_stm32f407xx.o(RESET) refers to stm32f4xx_it.o(i.BusFault_Handler) for BusFault_Handler
    startup_stm32f407xx.o(RESET) refers to stm32f4xx_it.o(i.UsageFault_Handler) for UsageFault_Handler
    startup_stm32f407xx.o(RESET) refers to port.o(.emb_text) for SVC_Handler
    startup_stm32f407xx.o(RESET) refers to stm32f4xx_it.o(i.DebugMon_Handler) for DebugMon_Handler
    startup_stm32f407xx.o(RESET) refers to port.o(i.SysTick_Handler) for SysTick_Handler
    startup_stm32f407xx.o(RESET) refers to stm32f4xx_it.o(i.EXTI0_IRQHandler) for EXTI0_IRQHandler
    startup_stm32f407xx.o(RESET) refers to stm32f4xx_it.o(i.EXTI3_IRQHandler) for EXTI3_IRQHandler
    startup_stm32f407xx.o(RESET) refers to stm32f4xx_it.o(i.EXTI4_IRQHandler) for EXTI4_IRQHandler
    startup_stm32f407xx.o(RESET) refers to stm32f4xx_it.o(i.DMA1_Stream1_IRQHandler) for DMA1_Stream1_IRQHandler
    startup_stm32f407xx.o(RESET) refers to stm32f4xx_it.o(i.CAN1_RX0_IRQHandler) for CAN1_RX0_IRQHandler
    startup_stm32f407xx.o(RESET) refers to stm32f4xx_it.o(i.EXTI9_5_IRQHandler) for EXTI9_5_IRQHandler
    startup_stm32f407xx.o(RESET) refers to stm32f4xx_it.o(i.USART3_IRQHandler) for USART3_IRQHandler
    startup_stm32f407xx.o(RESET) refers to stm32f4xx_it.o(i.TIM6_DAC_IRQHandler) for TIM6_DAC_IRQHandler
    startup_stm32f407xx.o(RESET) refers to ins_task.o(i.DMA2_Stream2_IRQHandler) for DMA2_Stream2_IRQHandler
    startup_stm32f407xx.o(RESET) refers to stm32f4xx_it.o(i.CAN2_RX0_IRQHandler) for CAN2_RX0_IRQHandler
    startup_stm32f407xx.o(.text) refers (Special) to heapauxi.o(.text) for __use_two_region_memory
    startup_stm32f407xx.o(.text) refers to system_stm32f4xx.o(i.SystemInit) for SystemInit
    startup_stm32f407xx.o(.text) refers to __main.o(!!!main) for __main
    startup_stm32f407xx.o(.text) refers to startup_stm32f407xx.o(HEAP) for Heap_Mem
    startup_stm32f407xx.o(.text) refers to startup_stm32f407xx.o(STACK) for Stack_Mem
    main.o(i.HAL_TIM_PeriodElapsedCallback) refers to stm32f4xx_hal.o(i.HAL_IncTick) for HAL_IncTick
    main.o(i.SystemClock_Config) refers to rt_memclr_w.o(.text) for __aeabi_memclr4
    main.o(i.SystemClock_Config) refers to stm32f4xx_hal_rcc.o(i.HAL_RCC_OscConfig) for HAL_RCC_OscConfig
    main.o(i.SystemClock_Config) refers to stm32f4xx_hal_rcc.o(i.HAL_RCC_ClockConfig) for HAL_RCC_ClockConfig
    main.o(i.main) refers to stm32f4xx_hal.o(i.HAL_Init) for HAL_Init
    main.o(i.main) refers to main.o(i.SystemClock_Config) for SystemClock_Config
    main.o(i.main) refers to gpio.o(i.MX_GPIO_Init) for MX_GPIO_Init
    main.o(i.main) refers to dma.o(i.MX_DMA_Init) for MX_DMA_Init
    main.o(i.main) refers to can.o(i.MX_CAN1_Init) for MX_CAN1_Init
    main.o(i.main) refers to can.o(i.MX_CAN2_Init) for MX_CAN2_Init
    main.o(i.main) refers to i2c.o(i.MX_I2C3_Init) for MX_I2C3_Init
    main.o(i.main) refers to spi.o(i.MX_SPI1_Init) for MX_SPI1_Init
    main.o(i.main) refers to usart.o(i.MX_USART3_UART_Init) for MX_USART3_UART_Init
    main.o(i.main) refers to tim.o(i.MX_TIM10_Init) for MX_TIM10_Init
    main.o(i.main) refers to usart.o(i.MX_USART1_UART_Init) for MX_USART1_UART_Init
    main.o(i.main) refers to freertos.o(i.MX_FREERTOS_Init) for MX_FREERTOS_Init
    main.o(i.main) refers to cmsis_os.o(i.osKernelStart) for osKernelStart
    gpio.o(i.MX_GPIO_Init) refers to rt_memclr_w.o(.text) for __aeabi_memclr4
    gpio.o(i.MX_GPIO_Init) refers to stm32f4xx_hal_gpio.o(i.HAL_GPIO_WritePin) for HAL_GPIO_WritePin
    gpio.o(i.MX_GPIO_Init) refers to stm32f4xx_hal_gpio.o(i.HAL_GPIO_Init) for HAL_GPIO_Init
    gpio.o(i.MX_GPIO_Init) refers to stm32f4xx_hal_cortex.o(i.HAL_NVIC_SetPriority) for HAL_NVIC_SetPriority
    gpio.o(i.MX_GPIO_Init) refers to stm32f4xx_hal_cortex.o(i.HAL_NVIC_EnableIRQ) for HAL_NVIC_EnableIRQ
    freertos.o(i.All_Init_Run) refers to port.o(i.vPortEnterCritical) for vPortEnterCritical
    freertos.o(i.All_Init_Run) refers to bsp_delay.o(i.delay_init) for delay_init
    freertos.o(i.All_Init_Run) refers to calibrate_task.o(i.cali_param_init) for cali_param_init
[...]
    CAN2_RX0_IRQHandler                      0x08000b6d   Thumb Code     6  stm32f4xx_it.o(i.CAN2_RX0_IRQHandler)
    CAN_1_Filter_Config                      0x08000b79   Thumb Code    56  bsp_can.o(i.CAN_1_Filter_Config)
    CAN_2_Filter_Config                      0x08000bb5   Thumb Code    54  bsp_can.o(i.CAN_2_Filter_Config)
    ClearFilter                              0x08000bf1   Thumb Code     6  iir_filter.o(i.ClearFilter)
    ComputeMinOffset                         0x08000bf7   Thumb Code    30  cloud_control.o(i.ComputeMinOffset)
    DMA1_Stream1_IRQHandler                  0x08000c15   Thumb Code     6  stm32f4xx_it.o(i.DMA1_Stream1_IRQHandler)
    DMA2_Stream2_IRQHandler                  0x08000c21   Thumb Code   690  ins_task.o(i.DMA2_Stream2_IRQHandler)
    DebugMon_Handler                         0x08000f71   Thumb Code     2  stm32f4xx_it.o(i.DebugMon_Handler)
    EXTI0_IRQHandler                         0x08000f73   Thumb Code     6  stm32f4xx_it.o(i.EXTI0_IRQHandler)
    EXTI3_IRQHandler                         0x08000f79   Thumb Code     6  stm32f4xx_it.o(i.EXTI3_IRQHandler)
    EXTI4_IRQHandler                         0x08000f7f   Thumb Code     6  stm32f4xx_it.o(i.EXTI4_IRQHandler)
    EXTI9_5_IRQHandler                       0x08000f85   Thumb Code     6  stm32f4xx_it.o(i.EXTI9_5_IRQHandler)
    Error_Handler                            0x08000f8b   Thumb Code     4  main.o(i.Error_Handler)
    Euler_Send_Fun                           0x08000f91   Thumb Code   150  dji_imu.o(i.Euler_Send_Fun)
    FLASH_Erase_Sector                       0x08001049   Thumb Code    74  stm32f4xx_hal_flash_ex.o(i.FLASH_Erase_Sector)
    FLASH_FlushCaches                        0x08001099   Thumb Code    80  stm32f4xx_hal_flash_ex.o(i.FLASH_FlushCaches)
    FLASH_WaitForLastOperation               0x08001211   Thumb Code    72  stm32f4xx_hal_flash.o(i.FLASH_WaitForLastOperation)
    HAL_CAN_ActivateNotification             0x08001261   Thumb Code    36  stm32f4xx_hal_can.o(i.HAL_CAN_ActivateNotification)
    HAL_CAN_AddTxMessage                     0x08001285   Thumb Code   220  stm32f4xx_hal_can.o(i.HAL_CAN_AddTxMessage)
    HAL_CAN_ConfigFilter                     0x08001361   Thumb Code   262  stm32f4xx_hal_can.o(i.HAL_CAN_ConfigFilter)
    HAL_CAN_ErrorCallback                    0x0800146d   Thumb Code     2  stm32f4xx_hal_can.o(i.HAL_CAN_ErrorCallback)
    HAL_CAN_GetRxMessage                     0x0800146f   Thumb Code   232  stm32f4xx_hal_can.o(i.HAL_CAN_GetRxMessage)
    HAL_CAN_IRQHandler                       0x08001557   Thumb Code   508  stm32f4xx_hal_can.o(i.HAL_CAN_IRQHandler)
    HAL_CAN_Init                             0x08001753   Thumb Code   282  stm32f4xx_hal_can.o(i.HAL_CAN_Init)
    HAL_CAN_MspInit                          0x0800186d   Thumb Code   226  can.o(i.HAL_CAN_MspInit)
    HAL_CAN_RxFifo0FullCallback              0x08001969   Thumb Code     2  stm32f4xx_hal_can.o(i.HAL_CAN_RxFifo0FullCallback)
    HAL_CAN_RxFifo0MsgPendingCallback        0x0800196d   Thumb Code    76  bsp_can.o(i.HAL_CAN_RxFifo0MsgPendingCallback)
    HAL_CAN_RxFifo1FullCallback              0x080019cd   Thumb Code     2  stm32f4xx_hal_can.o(i.HAL_CAN_RxFifo1FullCallback)
    HAL_CAN_RxFifo1MsgPendingCallback        0x080019cf   Thumb Code     2  stm32f4xx_hal_can.o(i.HAL_CAN_RxFifo1MsgPendingCallback)
    HAL_CAN_SleepCallback                    0x080019d1   Thumb Code     2  stm32f4xx_hal_can.o(i.HAL_CAN_SleepCallback)
    HAL_CAN_Start                            0x080019d5   Thumb Code    88  stm32f4xx_hal_can.o(i.HAL_CAN_Start)
    HAL_CAN_TxMailbox0AbortCallback          0x08001a2d   Thumb Code     2  stm32f4xx_hal_can.o(i.HAL_CAN_TxMailbox0AbortCallback)
    HAL_CAN_TxMailbox0CompleteCallback       0x08001a2f   Thumb Code     2  stm32f4xx_hal_can.o(i.HAL_CAN_TxMailbox0CompleteCallback)
    HAL_CAN_TxMailbox1AbortCallback          0x08001a31   Thumb Code     2  stm32f4xx_hal_can.o(i.HAL_CAN_TxMailbox1AbortCallback)
    HAL_CAN_TxMailbox1CompleteCallback       0x08001a33   Thumb Code     2  stm32f4xx_hal_can.o(i.HAL_CAN_TxMailbox1CompleteCallback)
    HAL_CAN_TxMailbox2AbortCallback          0x08001a35   Thumb Code     2  stm32f4xx_hal_can.o(i.HAL_CAN_TxMailbox2AbortCallback)
    HAL_CAN_TxMailbox2CompleteCallback       0x08001a37   Thumb Code     2  stm32f4xx_hal_can.o(i.HAL_CAN_TxMailbox2CompleteCallback)
    HAL_CAN_WakeUpFromRxMsgCallback          0x08001a39   Thumb Code     2  stm32f4xx_hal_can.o(i.HAL_CAN_WakeUpFromRxMsgCallback)
    HAL_DMA_Abort                            0x08001a3b   Thumb Code   146  stm32f4xx_hal_dma.o(i.HAL_DMA_Abort)
    HAL_DMA_Abort_IT                         0x08001acd   Thumb Code    36  stm32f4xx_hal_dma.o(i.HAL_DMA_Abort_IT)
    HAL_DMA_IRQHandler                       0x08001af1   Thumb Code   412  stm32f4xx_hal_dma.o(i.HAL_DMA_IRQHandler)
    HAL_DMA_Init                             0x08001c91   Thumb Code   206  stm32f4xx_hal_dma.o(i.HAL_DMA_Init)
    HAL_FLASHEx_Erase                        0x08001d65   Thumb Code   144  stm32f4xx_hal_flash_ex.o(i.HAL_FLASHEx_Erase)
    HAL_FLASH_Lock                           0x08001dfd   Thumb Code    14  stm32f4xx_hal_flash.o(i.HAL_FLASH_Lock)
    HAL_FLASH_Program                        0x08001e11   Thumb Code   116  stm32f4xx_hal_flash.o(i.HAL_FLASH_Program)
    HAL_FLASH_Unlock                         0x08001e8d   Thumb Code    32  stm32f4xx_hal_flash.o(i.HAL_FLASH_Unlock)
    HAL_GPIO_EXTI_Callback                   0x08001eb9   Thumb Code    98  ins_task.o(i.HAL_GPIO_EXTI_Callback)
    HAL_GPIO_EXTI_IRQHandler                 0x08001f25   Thumb Code    18  stm32f4xx_hal_gpio.o(i.HAL_GPIO_EXTI_IRQHandler)
    HAL_GPIO_Init                            0x08001f3d   Thumb Code   450  stm32f4xx_hal_gpio.o(i.HAL_GPIO_Init)
    HAL_GPIO_ReadPin                         0x0800212d   Thumb Code    10  stm32f4xx_hal_gpio.o(i.HAL_GPIO_ReadPin)
    HAL_GPIO_WritePin                        0x08002137   Thumb Code    10  stm32f4xx_hal_gpio.o(i.HAL_GPIO_WritePin)
    HAL_GetTick                              0x08002141   Thumb Code     6  stm32f4xx_hal.o(i.HAL_GetTick)
    HAL_I2C_Init                             0x0800214d   Thumb Code   376  stm32f4xx_hal_i2c.o(i.HAL_I2C_Init)
    HAL_I2C_Mem_Read                         0x080022d5   Thumb Code   490  stm32f4xx_hal_i2c.o(i.HAL_I2C_Mem_Read)
    HAL_I2C_Mem_Write                        0x080024cd   Thumb Code   294  stm32f4xx_hal_i2c.o(i.HAL_I2C_Mem_Write)
    HAL_I2C_MspInit                          0x080025fd   Thumb Code   130  i2c.o(i.HAL_I2C_MspInit)
    HAL_IncTick                              0x08002691   Thumb Code    12  stm32f4xx_hal.o(i.HAL_IncTick)
    HAL_Init                                 0x080026a1   Thumb Code    48  stm32f4xx_hal.o(i.HAL_Init)
    HAL_InitTick                             0x080026d5   Thumb Code   132  stm32f4xx_hal_timebase_tim.o(i.HAL_InitTick)
    HAL_MspInit                              0x0800276d   Thumb Code    52  stm32f4xx_hal_msp.o(i.HAL_MspInit)
    HAL_NVIC_EnableIRQ                       0x080027a5   Thumb Code    26  stm32f4xx_hal_cortex.o(i.HAL_NVIC_EnableIRQ)
    HAL_NVIC_SetPriority                     0x080027c1   Thumb Code    60  stm32f4xx_hal_cortex.o(i.HAL_NVIC_SetPriority)
    HAL_NVIC_SetPriorityGrouping             0x08002801   Thumb Code    26  stm32f4xx_hal_cortex.o(i.HAL_NVIC_SetPriorityGrouping)
    HAL_RCC_ClockConfig                      0x08002825   Thumb Code   288  stm32f4xx_hal_rcc.o(i.HAL_RCC_ClockConfig)
    HAL_RCC_GetClockConfig                   0x08002959   Thumb Code    54  stm32f4xx_hal_rcc.o(i.HAL_RCC_GetClockConfig)
    HAL_RCC_GetPCLK1Freq                     0x08002999   Thumb Code    20  stm32f4xx_hal_rcc.o(i.HAL_RCC_GetPCLK1Freq)
    HAL_RCC_GetPCLK2Freq                     0x080029b9   Thumb Code    20  stm32f4xx_hal_rcc.o(i.HAL_RCC_GetPCLK2Freq)
    HAL_RCC_GetSysClockFreq                  0x080029d9   Thumb Code    88  stm32f4xx_hal_rcc.o(i.HAL_RCC_GetSysClockFreq)
    HAL_RCC_OscConfig                        0x08002a3d   Thumb Code   856  stm32f4xx_hal_rcc.o(i.HAL_RCC_OscConfig)
    HAL_SPI_Init                             0x08002da9   Thumb Code   188  stm32f4xx_hal_spi.o(i.HAL_SPI_Init)
    HAL_SPI_MspInit                          0x08002e65   Thumb Code   228  spi.o(i.HAL_SPI_MspInit)
    HAL_SPI_TransmitReceive                  0x08002f61   Thumb Code   482  stm32f4xx_hal_spi.o(i.HAL_SPI_TransmitReceive)
    HAL_TIMEx_BreakCallback                  0x08003143   Thumb Code     2  stm32f4xx_hal_tim_ex.o(i.HAL_TIMEx_BreakCallback)
    HAL_TIMEx_CommutCallback                 0x08003145   Thumb Code     2  stm32f4xx_hal_tim_ex.o(i.HAL_TIMEx_CommutCallback)
    HAL_TIM_Base_Init                        0x08003147   Thumb Code    90  stm32f4xx_hal_tim.o(i.HAL_TIM_Base_Init)
    HAL_TIM_Base_MspInit                     0x080031a1   Thumb Code    30  tim.o(i.HAL_TIM_Base_MspInit)
    HAL_TIM_Base_Start_IT                    0x080031c9   Thumb Code   100  stm32f4xx_hal_tim.o(i.HAL_TIM_Base_Start_IT)
    HAL_TIM_IC_CaptureCallback               0x08003249   Thumb Code     2  stm32f4xx_hal_tim.o(i.HAL_TIM_IC_CaptureCallback)
    HAL_TIM_IRQHandler                       0x0800324b   Thumb Code   358  stm32f4xx_hal_tim.o(i.HAL_TIM_IRQHandler)
    HAL_TIM_MspPostInit                      0x080033b1   Thumb Code    72  tim.o(i.HAL_TIM_MspPostInit)
    HAL_TIM_OC_DelayElapsedCallback          0x08003405   Thumb Code     2  stm32f4xx_hal_tim.o(i.HAL_TIM_OC_DelayElapsedCallback)
    HAL_TIM_PWM_ConfigChannel                0x08003407   Thumb Code   204  stm32f4xx_hal_tim.o(i.HAL_TIM_PWM_ConfigChannel)
    HAL_TIM_PWM_Init                         0x080034d3   Thumb Code    90  stm32f4xx_hal_tim.o(i.HAL_TIM_PWM_Init)
    HAL_TIM_PWM_MspInit                      0x0800352d   Thumb Code     2  stm32f4xx_hal_tim.o(i.HAL_TIM_PWM_MspInit)
    HAL_TIM_PWM_PulseFinishedCallback        0x0800352f   Thumb Code     2  stm32f4xx_hal_tim.o(i.HAL_TIM_PWM_PulseFinishedCallback)
    HAL_TIM_PeriodElapsedCallback            0x08003531   Thumb Code    14  main.o(i.HAL_TIM_PeriodElapsedCallback)
    HAL_TIM_TriggerCallback                  0x08003545   Thumb Code     2  stm32f4xx_hal_tim.o(i.HAL_TIM_TriggerCallback)
    HAL_UARTEx_RxEventCallback               0x08003547   Thumb Code     2  stm32f4xx_hal_uart.o(i.HAL_UARTEx_RxEventCallback)
    HAL_UART_ErrorCallback                   0x08003549   Thumb Code     2  stm32f4xx_hal_uart.o(i.HAL_UART_ErrorCallback)
    HAL_UART_IRQHandler                      0x0800354d   Thumb Code   610  stm32f4xx_hal_uart.o(i.HAL_UART_IRQHandler)
    HAL_UART_Init                            0x080037b5   Thumb Code    98  stm32f4xx_hal_uart.o(i.HAL_UART_Init)
    HAL_UART_MspInit                         0x08003819   Thumb Code   262  usart.o(i.HAL_UART_MspInit)
    HAL_UART_RxCpltCallback                  0x08003941   Thumb Code     2  stm32f4xx_hal_uart.o(i.HAL_UART_RxCpltCallback)
    HAL_UART_TxCpltCallback                  0x08003943   Thumb Code     2  stm32f4xx_hal_uart.o(i.HAL_UART_TxCpltCallback)
    HardFault_Handler                        0x08003945   Thumb Code     2  stm32f4xx_it.o(i.HardFault_Handler)
    IMU_Send                                 0x08003d15   Thumb Code    36  imu_send_task.o(i.IMU_Send)
    INS_cali_gyro                            0x08003d3d   Thumb Code    92  ins_task.o(i.INS_cali_gyro)
    INS_set_cali_gyro                        0x08003d9d   Thumb Code    34  ins_task.o(i.INS_set_cali_gyro)
    INS_task                                 0x08003dc5   Thumb Code   558  ins_task.o(i.INS_task)
    M3508_shoot_getInfo                      0x08004025   Thumb Code    54  m3508_motor.o(i.M3508_shoot_getInfo)
    M6020_Pitch_getInfo                      0x08004061   Thumb Code    46  m6020_motor.o(i.M6020_Pitch_getInfo)
    M6020_Yaw_getInfo                        0x08004095   Thumb Code    46  m6020_motor.o(i.M6020_Yaw_getInfo)
    MX_CAN1_Init                             0x080040c9   Thumb Code    60  can.o(i.MX_CAN1_Init)
    MX_CAN2_Init                             0x0800410d   Thumb Code    60  can.o(i.MX_CAN2_Init)
    MX_DMA_Init                              0x08004151   Thumb Code    88  dma.o(i.MX_DMA_Init)
    MX_FREERTOS_Init                         0x080041ad   Thumb Code   208  freertos.o(i.MX_FREERTOS_Init)
    MX_GPIO_Init                             0x08004285   Thumb Code   330  gpio.o(i.MX_GPIO_Init)
    MX_I2C3_Init                             0x080043e5   Thumb Code    50  i2c.o(i.MX_I2C3_Init)
    MX_SPI1_Init                             0x08004425   Thumb Code    62  spi.o(i.MX_SPI1_Init)
    MX_TIM10_Init                            0x0800446d   Thumb Code    92  tim.o(i.MX_TIM10_Init)
    MX_USART1_UART_Init                      0x080044d1   Thumb Code    48  usart.o(i.MX_USART1_UART_Init)
    MX_USART3_UART_Init                      0x08004509   Thumb Code    46  usart.o(i.MX_USART3_UART_Init)
    MahonyAHRSupdate                         0x08004545   Thumb Code   834  mahonyahrs.o(i.MahonyAHRSupdate)
    MahonyAHRSupdateIMU                      0x08004899   Thumb Code   466  mahonyahrs.o(i.MahonyAHRSupdateIMU)
    MemManage_Handler                        0x08004a7d   Thumb Code     2  stm32f4xx_it.o(i.MemManage_Handler)
    NMI_Handler                              0x08004a7f   Thumb Code     2  stm32f4xx_it.o(i.NMI_Handler)
    Robot_Control                            0x08004a81   Thumb Code    22  robot_control_task.o(i.Robot_Control)
    Robot_Control_Fun                        0x08004a97   Thumb Code     4  cloud_control.o(i.Robot_Control_Fun)
    SPI1_DMA_enable                          0x08004b6d   Thumb Code  4706  bsp_spi.o(i.SPI1_DMA_enable)
    SPI1_DMA_init                            0x08005de1   Thumb Code   216  bsp_spi.o(i.SPI1_DMA_init)
    SysTick_Handler                          0x08006155   Thumb Code    38  port.o(i.SysTick_Handler)
    SystemClock_Config                       0x08006181   Thumb Code   140  main.o(i.SystemClock_Config)
    SystemInit                               0x08006215   Thumb Code    12  system_stm32f4xx.o(i.SystemInit)
    TIM6_DAC_IRQHandler                      0x08006225   Thumb Code     6  stm32f4xx_it.o(i.TIM6_DAC_IRQHandler)
    TIM_Base_SetConfig                       0x08006231   Thumb Code   156  stm32f4xx_hal_tim.o(i.TIM_Base_SetConfig)
    TIM_OC2_SetConfig                        0x08006359   Thumb Code    98  stm32f4xx_hal_tim.o(i.TIM_OC2_SetConfig)
    USART3_IRQHandler                        0x080066a9   Thumb Code     6  stm32f4xx_it.o(i.USART3_IRQHandler)
    UsageFault_Handler                       0x080066b5   Thumb Code     2  stm32f4xx_it.o(i.UsageFault_Handler)
    __ARM_fpclassifyf                        0x080066b7   Thumb Code    38  fpclassifyf.o(i.__ARM_fpclassifyf)
    __hardfp_asinf                           0x080066fd   Thumb Code   258  asinf.o(i.__hardfp_asinf)
    __hardfp_atan2f                          0x08006829   Thumb Code   594  atan2f.o(i.__hardfp_atan2f)
    __hardfp_sqrt                            0x08006ad5   Thumb Code   122  sqrt.o(i.__hardfp_sqrt)
    __mathlib_flt_infnan                     0x08006b4f   Thumb Code     6  funder.o(i.__mathlib_flt_infnan)
    __mathlib_flt_infnan2                    0x08006b55   Thumb Code     6  funder.o(i.__mathlib_flt_infnan2)
    __mathlib_flt_invalid                    0x08006b5d   Thumb Code    10  funder.o(i.__mathlib_flt_invalid)
    __mathlib_flt_underflow                  0x08006b6d   Thumb Code    10  funder.o(i.__mathlib_flt_underflow)
    bmi088_accel_init                        0x08006b7d   Thumb Code   266  bmi088driver.o(i.bmi088_accel_init)
    bmi088_accel_self_test                   0x08006c8d   Thumb Code   654  bmi088driver.o(i.bmi088_accel_self_test)
    bmi088_gyro_init                         0x08006f21   Thumb Code   214  bmi088driver.o(i.bmi088_gyro_init)
    bmi088_gyro_self_test                    0x08006ffd   Thumb Code   202  bmi088driver.o(i.bmi088_gyro_self_test)
    cali_param_init                          0x080071fd   Thumb Code   110  calibrate_task.o(i.cali_param_init)
    calibrate_task                           0x08007275   Thumb Code   186  calibrate_task.o(i.calibrate_task)
    delay_init                               0x08007345   Thumb Code    26  bsp_delay.o(i.delay_init)
    delay_us                                 0x0800736d   Thumb Code    48  bsp_delay.o(i.delay_us)
    dr16_getInfo                             0x080073a1   Thumb Code    50  dr16.o(i.dr16_getInfo)
    flash_erase_address                      0x080073d9   Thumb Code    42  bsp_flash.o(i.flash_erase_address)
    flash_read                               0x08007403   Thumb Code    12  bsp_flash.o(i.flash_read)
    flash_write_single_address               0x08007411   Thumb Code    98  bsp_flash.o(i.flash_write_single_address)
    float_Batwolf                            0x08007479   Thumb Code    74  iir_filter.o(i.float_Batwolf)
    get_angle                                0x08007595   Thumb Code   176  ins_task.o(i.get_angle)
    get_next_flash_address                   0x08007645   Thumb Code   168  bsp_flash.o(i.get_next_flash_address)
    gyro_offset_calc                         0x08007719   Thumb Code    72  ins_task.o(i.gyro_offset_calc)
    imu_pwm_set                              0x08007961   Thumb Code     8  bmi088driver.o(i.imu_pwm_set)
    invSqrt                                  0x080079e9   Thumb Code    40  mahonyahrs.o(i.invSqrt)
    ist8310_GPIO_init                        0x08007a15   Thumb Code     2  ist8310middleware.o(i.ist8310_GPIO_init)
    ist8310_IIC_read_single_reg              0x08007a19   Thumb Code    32  ist8310middleware.o(i.ist8310_IIC_read_single_reg)
    ist8310_IIC_write_single_reg             0x08007a3d   Thumb Code    30  ist8310middleware.o(i.ist8310_IIC_write_single_reg)
    ist8310_RST_H                            0x08007a61   Thumb Code    10  ist8310middleware.o(i.ist8310_RST_H)
    ist8310_RST_L                            0x08007a71   Thumb Code    10  ist8310middleware.o(i.ist8310_RST_L)
    ist8310_com_init                         0x08007a81   Thumb Code     2  ist8310middleware.o(i.ist8310_com_init)
    ist8310_delay_ms                         0x08007a83   Thumb Code     4  ist8310middleware.o(i.ist8310_delay_ms)
    ist8310_init                             0x08007a89   Thumb Code   122  ist8310driver.o(i.ist8310_init)
    main                                     0x08007b09   Thumb Code    54  main.o(i.main)
    motor_pid_init                           0x08007b4d   Thumb Code   192  pid.o(i.motor_pid_init)
    osDelay                                  0x08007c49   Thumb Code    14  cmsis_os.o(i.osDelay)
    osKernelStart                            0x08007c57   Thumb Code    10  cmsis_os.o(i.osKernelStart)
    osMessageCreate                          0x08007c61   Thumb Code    38  cmsis_os.o(i.osMessageCreate)
    osThreadCreate                           0x08007c87   Thumb Code    84  cmsis_os.o(i.osThreadCreate)
    pcTaskGetName                            0x08007cdd   Thumb Code    28  tasks.o(i.pcTaskGetName)
    pid_CascadeCalc_pitch                    0x08007cfd   Thumb Code    38  pid.o(i.pid_CascadeCalc_pitch)
    pid_CascadeCalc_yaw                      0x08007d25   Thumb Code    92  pid.o(i.pid_CascadeCalc_yaw)
    pid_calc                                 0x08007d89   Thumb Code   166  pid.o(i.pid_calc)
    pid_calc_cloud                           0x08007e2f   Thumb Code   194  pid.o(i.pid_calc_cloud)
    pid_calc_shoot                           0x08007ef1   Thumb Code   198  pid.o(i.pid_calc_shoot)
    pid_init                                 0x08007fb7   Thumb Code     6  pid.o(i.pid_init)
    pvPortMalloc                             0x080087bd   Thumb Code   216  heap_4.o(i.pvPortMalloc)
    pxPortInitialiseStack                    0x08008899   Thumb Code    40  port.o(i.pxPortInitialiseStack)
    set_M3508_shoot_voltage                  0x080088c5   Thumb Code    76  m3508_motor.o(i.set_M3508_shoot_voltage)
    set_M6020_pitch_voltage                  0x08008915   Thumb Code    76  m6020_motor.o(i.set_M6020_pitch_voltage)
    set_M6020_yaw_voltage                    0x08008965   Thumb Code    76  m6020_motor.o(i.set_M6020_yaw_voltage)
    sqrtf                                    0x080089b5   Thumb Code    62  sqrtf.o(i.sqrtf)
    ulTaskNotifyTake                         0x080089f5   Thumb Code    96  tasks.o(i.ulTaskNotifyTake)
    uxListRemove                             0x08008a5d   Thumb Code    38  list.o(i.uxListRemove)
    uxTaskGetStackHighWaterMark              0x08008a85   Thumb Code    28  tasks.o(i.uxTaskGetStackHighWaterMark)
    vApplicationGetIdleTaskMemory            0x08008aa5   Thumb Code    16  freertos.o(i.vApplicationGetIdleTaskMemory)
    vApplicationGetTimerTaskMemory           0x08008ab9   Thumb Code    18  freertos.o(i.vApplicationGetTimerTaskMemory)
    vListInitialise                          0x08008ad1   Thumb Code    22  list.o(i.vListInitialise)
    vListInitialiseItem                      0x08008ae7   Thumb Code     6  list.o(i.vListInitialiseItem)
    vListInsert                              0x08008aed   Thumb Code    48  list.o(i.vListInsert)
    vListInsertEnd                           0x08008b1d   Thumb Code    24  list.o(i.vListInsertEnd)
    vPortEnterCritical                       0x08008b35   Thumb Code    54  port.o(i.vPortEnterCritical)
    vPortExitCritical                        0x08008b75   Thumb Code    34  port.o(i.vPortExitCritical)
    vPortFree                                0x08008b9d   Thumb Code    94  heap_4.o(i.vPortFree)
    vPortSetupTimerInterrupt                 0x08008c01   Thumb Code    32  port.o(i.vPortSetupTimerInterrupt)
    vPortValidateInterruptPriority           0x08008c25   Thumb Code    74  port.o(i.vPortValidateInterruptPriority)
    vQueueAddToRegistry                      0x08008c79   Thumb Code    34  queue.o(i.vQueueAddToRegistry)
    vQueueWaitForMessageRestricted           0x08008ca1   Thumb Code    68  queue.o(i.vQueueWaitForMessageRestricted)
    vTaskDelay                               0x08008ce5   Thumb Code    66  tasks.o(i.vTaskDelay)
    vTaskDelayUntil                          0x08008d31   Thumb Code   132  tasks.o(i.vTaskDelayUntil)
    vTaskDelete                              0x08008dbd   Thumb Code   158  tasks.o(i.vTaskDelete)
    vTaskInternalSetTimeOutState             0x08008e69   Thumb Code    12  tasks.o(i.vTaskInternalSetTimeOutState)
    vTaskMissedYield                         0x08008e79   Thumb Code     8  tasks.o(i.vTaskMissedYield)
    vTaskNotifyGiveFromISR                   0x08008e85   Thumb Code   172  tasks.o(i.vTaskNotifyGiveFromISR)
    vTaskPlaceOnEventList                    0x08008f39   Thumb Code    44  tasks.o(i.vTaskPlaceOnEventList)
    vTaskPlaceOnEventListRestricted          0x08008f69   Thumb Code    52  tasks.o(i.vTaskPlaceOnEventListRestricted)
    vTaskStartScheduler                      0x08008fa1   Thumb Code   118  tasks.o(i.vTaskStartScheduler)
    vTaskSuspendAll                          0x08009029   Thumb Code    10  tasks.o(i.vTaskSuspendAll)
    vTaskSwitchContext                       0x08009039   Thumb Code    82  tasks.o(i.vTaskSwitchContext)
    xPortStartScheduler                      0x08009095   Thumb Code   222  port.o(i.xPortStartScheduler)
    xQueueGenericCreate                      0x08009189   Thumb Code    66  queue.o(i.xQueueGenericCreate)
    xQueueGenericCreateStatic                0x080091cb   Thumb Code   102  queue.o(i.xQueueGenericCreateStatic)
    xQueueGenericReset                       0x08009231   Thumb Code   132  queue.o(i.xQueueGenericReset)
    xQueueGenericSend                        0x080092b9   Thumb Code   346  queue.o(i.xQueueGenericSend)
    xQueueGenericSendFromISR                 0x08009419   Thumb Code   190  queue.o(i.xQueueGenericSendFromISR)
    xQueueReceive                            0x080094d9   Thumb Code   308  queue.o(i.xQueueReceive)
    xTaskCheckForTimeOut                     0x08009611   Thumb Code   132  tasks.o(i.xTaskCheckForTimeOut)
    xTaskCreate                              0x08009699   Thumb Code    90  tasks.o(i.xTaskCreate)
    xTaskCreateStatic                        0x080096f3   Thumb Code    86  tasks.o(i.xTaskCreateStatic)
    xTaskGetHandle                           0x08009749   Thumb Code   124  tasks.o(i.xTaskGetHandle)
    xTaskGetSchedulerState                   0x080097cd   Thumb Code    22  tasks.o(i.xTaskGetSchedulerState)
    xTaskGetTickCount                        0x080097e9   Thumb Code     6  tasks.o(i.xTaskGetTickCount)
    xTaskIncrementTick                       0x080097f5   Thumb Code   194  tasks.o(i.xTaskIncrementTick)
    xTaskPriorityDisinherit                  0x080098c1   Thumb Code   144  tasks.o(i.xTaskPriorityDisinherit)
    xTaskRemoveFromEventList                 0x08009959   Thumb Code   108  tasks.o(i.xTaskRemoveFromEventList)
    xTaskResumeAll                           0x080099cd   Thumb Code   182  tasks.o(i.xTaskResumeAll)
    xTimerCreateTimerTask                    0x08009a91   Thumb Code    78  timers.o(i.xTimerCreateTimerTask)
    xTimerGenericCommand                     0x08009af1   Thumb Code    98  timers.o(i.xTimerGenericCommand)
    __aeabi_d2f                              0x08009b59   Thumb Code     0  d2f.o(x$fpl$d2f)
    _d2f                                     0x08009b59   Thumb Code    98  d2f.o(x$fpl$d2f)
    __fpl_dnaninf                            0x08009bbb   Thumb Code   156  dnaninf.o(x$fpl$dnaninf)
    __fpl_dretinf                            0x08009c57   Thumb Code    12  dretinf.o(x$fpl$dretinf)
    _dsqrt                                   0x08009c65   Thumb Code   404  dsqrt_umaal.o(x$fpl$dsqrt)
    __aeabi_f2d                              0x08009dfd   Thumb Code     0  f2d.o(x$fpl$f2d)
    _f2d                                     0x08009dfd   Thumb Code    86  f2d.o(x$fpl$f2d)
    __fpl_fnaninf                            0x08009e53   Thumb Code   140  fnaninf.o(x$fpl$fnaninf)
    _fp_init                                 0x08009edf   Thumb Code    10  fpinit.o(x$fpl$fpinit)
    __fplib_config_fpu_vfp                   0x08009ee7   Thumb Code     0  fpinit.o(x$fpl$fpinit)
    __fplib_config_pureend_doubles           0x08009ee7   Thumb Code     0  fpinit.o(x$fpl$fpinit)
    __fpl_fretinf                            0x08009ee9   Thumb Code    10  fretinf.o(x$fpl$fretinf)
    __I$use$fp                               0x08009ef2   Number         0  usenofp.o(x$fpl$usenofp)
    AHBPrescTable                            0x08009fe0   Data          16  system_stm32f4xx.o(.constdata)
    APBPrescTable                            0x08009ff0   Data           8  system_stm32f4xx.o(.constdata)
    Region$$Table$$Base                      0x0800a074   Number         0  anon$$obj.o(Region$$Table)
    Region$$Table$$Limit                     0x0800a094   Number         0  anon$$obj.o(Region$$Table)
    calibrate_tast_handle                    0x20000000   Data           4  freertos.o(.data)
    imuTaskHandle                            0x20000004   Data           4  freertos.o(.data)
    RobotCtrl_Handle                         0x20000008   Data           4  freertos.o(.data)
    CAN1_ReceiveHandle                       0x2000000c   Data           4  freertos.o(.data)
    CAN2_ReceiveHandle                       0x20000010   Data           4  freertos.o(.data)
    IMU_Send_TaskHandle                      0x20000014   Data           4  freertos.o(.data)
    CAN1_TaskHandle                          0x20000018   Data           4  freertos.o(.data)
    CAN2_TaskHandle                          0x2000001c   Data           4  freertos.o(.data)
    All_InitHandle                           0x20000020   Data           4  freertos.o(.data)
    uwTickFreq                               0x20000028   Data           1  stm32f4xx_hal.o(.data)
    uwTickPrio                               0x2000002c   Data           4  stm32f4xx_hal.o(.data)
    uwTick                                   0x20000030   Data           4  stm32f4xx_hal.o(.data)
    SystemCoreClock                          0x20000034   Data           4  system_stm32f4xx.o(.data)
    pxCurrentTCB                             0x20000038   Data           4  tasks.o(.data)
    twoKp                                    0x200000cc   Data           4  mahonyahrs.o(.data)
    twoKi                                    0x200000d0   Data           4  mahonyahrs.o(.data)
    integralFBx                              0x200000d4   Data           4  mahonyahrs.o(.data)
    integralFBy                              0x200000d8   Data           4  mahonyahrs.o(.data)
    integralFBz                              0x200000dc   Data           4  mahonyahrs.o(.data)
    imu_start_flag                           0x200000e0   Data           1  cloud_control.o(.data)
    DR16_Export_Data                         0x200000e4   Data          36  dr16.o(.data)
    ControlSwitch                            0x20000108   Data           2  dr16.o(.data)
    accel_x                                  0x2000010c   Data           2  bmi088driver.o(.data)
    accel_y                                  0x2000010e   Data           2  bmi088driver.o(.data)
    accel_z                                  0x20000110   Data           2  bmi088driver.o(.data)
    BMI088_ACCEL_SEN                         0x20000114   Data           4  bmi088driver.o(.data)
    BMI088_GYRO_SEN                          0x20000118   Data           4  bmi088driver.o(.data)
    Euler_Send                               0x20000140   Data           8  dji_imu.o(.data)
    Gyro_Send                                0x20000148   Data           8  dji_imu.o(.data)
    IMU_CAL                                  0x20000150   Data           2  dji_imu.o(.data)
    cali_hook_fun                            0x20000160   Data           4  calibrate_task.o(.data)
    calibrate_task_stack                     0x20000164   Data           4  calibrate_task.o(.data)
    gyro_update_flag                         0x20000168   Data           1  ins_task.o(.data)
    accel_update_flag                        0x20000169   Data           1  ins_task.o(.data)
    accel_temp_update_flag                   0x2000016a   Data           1  ins_task.o(.data)
    mag_update_flag                          0x2000016b   Data           1  ins_task.o(.data)
    imu_start_dma_flag                       0x2000016c   Data           1  ins_task.o(.data)
    accel_temp_dma_tx_buf                    0x2000016f   Data           4  ins_task.o(.data)
    accel_temp_dma_rx_buf                    0x2000017c   Data           4  ins_task.o(.data)
    gyro_dma_tx_buf                          0x20000180   Data           8  ins_task.o(.data)
    gyro_dma_rx_buf                          0x20000188   Data           8  ins_task.o(.data)
    accel_dma_tx_buf                         0x20000190   Data           9  ins_task.o(.data)
    gyro_scale_factor                        0x2000019c   Data          36  ins_task.o(.data)
    accel_scale_factor                       0x200001c0   Data          36  ins_task.o(.data)
    mag_scale_factor                         0x200001e4   Data          36  ins_task.o(.data)
    hcan1                                    0x200008b0   Data          40  can.o(.bss)
    hcan2                                    0x200008d8   Data          40  can.o(.bss)
    hi2c3                                    0x20000900   Data          84  i2c.o(.bss)
    hspi1                                    0x20000954   Data          88  spi.o(.bss)
    hdma_spi1_rx                             0x200009ac   Data          96  spi.o(.bss)
    hdma_spi1_tx                             0x20000a0c   Data          96  spi.o(.bss)
    htim10                                   0x20000a6c   Data          72  tim.o(.bss)
    huart1                                   0x20000ab4   Data          68  usart.o(.bss)
    huart3                                   0x20000af8   Data          68  usart.o(.bss)
    hdma_usart3_rx                           0x20000b3c   Data          96  usart.o(.bss)
    htim6                                    0x20000b9c   Data          72  stm32f4xx_hal_timebase_tim.o(.bss)
    pFlash                                   0x20000be4   Data          32  stm32f4xx_hal_flash.o(.bss)
    xQueueRegistry                           0x20000c04   Data          64  queue.o(.bss)
    Can1_Export_Data                         0x20006e44   Data          36  bsp_can.o(.bss)
    Can2_Export_Data                         0x20006e68   Data          36  bsp_can.o(.bss)
    yaw_speed_filter                         0x20006e8c   Data          12  pid.o(.bss)
    yaw_target_filter                        0x20006e98   Data          12  pid.o(.bss)
    motor_pid_shoot                          0x20006ea4   Data         136  pid.o(.bss)
    motor_pid_Cas_Yaw                        0x20006f2c   Data         140  pid.o(.bss)
    motor_pid_Cas_Pitch                      0x20006fb8   Data         140  pid.o(.bss)
    DJI_C_IMU                                0x20007044   Data          44  dji_imu.o(.bss)
    M3508s_shoot                             0x20007070   Data          36  m3508_motor.o(.bss)
    M6020s_Yaw                               0x20007094   Data          40  m6020_motor.o(.bss)
    M6020s_Pitch                             0x200070bc   Data          40  m6020_motor.o(.bss)
    cali_sensor                              0x20007118   Data          13  calibrate_task.o(.bss)
    imu_Export                               0x20007128   Data          92  ins_task.o(.bss)
    INS_angle                                0x200071d0   Data          12  ins_task.o(.bss)
    INS_gyro                                 0x200071dc   Data          12  ins_task.o(.bss)
    accel_dma_rx_buf                         0x200071e8   Data           9  ins_task.o(.bss)
    bmi088_real_data                         0x200071f4   Data          36  ins_task.o(.bss)
    gyro_offset                              0x20007218   Data          12  ins_task.o(.bss)
    gyro_cali_offset                         0x20007224   Data          12  ins_task.o(.bss)
    accel_offset                             0x20007230   Data          12  ins_task.o(.bss)
    ist8310_real_data                        0x2000723c   Data          16  ins_task.o(.bss)
    mag_offset                               0x2000724c   Data          12  ins_task.o(.bss)
    __libspace_start                         0x2000729c   Data          96  libspace.o(.bss)
    __temporary_stack_top$libspace           0x200072fc   Data           0  libspace.o(.bss)



==============================================================================

Memory Map of the image

  Image Entry point : 0x08000189

  Load Region LR_IROM1 (Base: 0x08000000, Size: 0x0000a29c, Max: 0x00100000, ABSOLUTE, COMPRESSED[0x0000a108])

    Execution Region ER_IROM1 (Exec base: 0x08000000, Load base: 0x08000000, Size: 0x0000a094, Max: 0x00100000, ABSOLUTE)

    Exec Addr    Load Addr    Size         Type   Attr      Idx    E Section Name        Object

    0x08000000   0x08000000   0x00000188   Data   RO            3    RESET               startup_stm32f407xx.o
    0x08000188   0x08000188   0x00000008   Code   RO         7128  * !!!main             c_w.l(__main.o)
    0x08000190   0x08000190   0x00000034   Code   RO         7391    !!!scatter          c_w.l(__scatter.o)
    0x080001c4   0x080001c4   0x0000005a   Code   RO         7389    !!dczerorl2         c_w.l(__dczerorl2.o)
    0x0800021e   0x0800021e   0x00000002   PAD
    0x08000220   0x08000220   0x0000001c   Code   RO         7393    !!handler_zi        c_w.l(__scatter_zi.o)
    0x0800023c   0x0800023c   0x00000002   Code   RO         7260    .ARM.Collect$$libinit$$00000000  c_w.l(libinit.o)
    0x0800023e   0x0800023e   0x00000004   Code   RO         7269    .ARM.Collect$$libinit$$00000001  c_w.l(libinit2.o)
    0x08000242   0x08000242   0x00000000   Code   RO         7272    .ARM.Collect$$libinit$$00000004  c_w.l(libinit2.o)
    0x08000242   0x08000242   0x00000000   Code   RO         7275    .ARM.Collect$$libinit$$0000000A  c_w.l(libinit2.o)
    0x08000242   0x08000242   0x00000000   Code   RO         7277    .ARM.Collect$$libinit$$0000000C  c_w.l(libinit2.o)
    0x08000242   0x08000242   0x00000000   Code   RO         7279    .ARM.Collect$$libinit$$0000000E  c_w.l(libinit2.o)
    0x08000242   0x08000242   0x00000000   Code   RO         7282    .ARM.Collect$$libinit$$00000011  c_w.l(libinit2.o)
    0x08000242   0x08000242   0x00000000   Code   RO         7284    .ARM.Collect$$libinit$$00000013  c_w.l(libinit2.o)
    0x08000242   0x08000242   0x00000000   Code   RO         7286    .ARM.Collect$$libinit$$00000015  c_w.l(libinit2.o)
    0x08000242   0x08000242   0x00000000   Code   RO         7288    .ARM.Collect$$libinit$$00000017  c_w.l(libinit2.o)
    0x08000242   0x08000242   0x00000000   Code   RO         7290    .ARM.Collect$$libinit$$00000019  c_w.l(libinit2.o)
    0x08000242   0x08000242   0x00000000   Code   RO         7292    .ARM.Collect$$libinit$$0000001B  c_w.l(libinit2.o)
    0x08000242   0x08000242   0x00000000   Code   RO         7294    .ARM.Collect$$libinit$$0000001D  c_w.l(libinit2.o)
    0x08000242   0x08000242   0x00000000   Code   RO         7296    .ARM.Collect$$libinit$$0000001F  c_w.l(libinit2.o)
    0x08000242   0x08000242   0x00000000   Code   RO         7298    .ARM.Collect$$libinit$$00000021  c_w.l(libinit2.o)
    0x08000242   0x08000242   0x00000000   Code   RO         7300    .ARM.Collect$$libinit$$00000023  c_w.l(libinit2.o)
    0x08000242   0x08000242   0x00000000   Code   RO         7302    .ARM.Collect$$libinit$$00000025  c_w.l(libinit2.o)
    0x08000242   0x08000242   0x00000000   Code   RO         7306    .ARM.Collect$$libinit$$0000002C  c_w.l(libinit2.o)
    0x08000242   0x08000242   0x00000000   Code   RO         7308    .ARM.Collect$$libinit$$0000002E  c_w.l(libinit2.o)
    0x08000242   0x08000242   0x00000000   Code   RO         7310    .ARM.Collect$$libinit$$00000030  c_w.l(libinit2.o)
    0x08000242   0x08000242   0x00000000   Code   RO         7312    .ARM.Collect$$libinit$$00000032  c_w.l(libinit2.o)
    0x08000242   0x08000242   0x00000002   Code   RO         7313    .ARM.Collect$$libinit$$00000033  c_w.l(libinit2.o)
    0x08000244   0x08000244   0x00000002   Code   RO         7344    .ARM.Collect$$libshutdown$$00000000  c_w.l(libshutdown.o)
    0x08000246   0x08000246   0x00000000   Code   RO         7370    .ARM.Collect$$libshutdown$$00000002  c_w.l(libshutdown2.o)
    0x08000246   0x08000246   0x00000000   Code   RO         7372    .ARM.Collect$$libshutdown$$00000004  c_w.l(libshutdown2.o)
    0x08000246   0x08000246   0x00000000   Code   RO         7374    .ARM.Collect$$libshutdown$$00000006  c_w.l(libshutdown2.o)
    0x08000246   0x08000246   0x00000000   Code   RO         7377    .ARM.Collect$$libshutdown$$00000009  c_w.l(libshutdown2.o)
    0x08000246   0x08000246   0x00000000   Code   RO         7380    .ARM.Collect$$libshutdown$$0000000C  c_w.l(libshutdown2.o)
    0x08000246   0x08000246   0x00000000   Code   RO         7382    .ARM.Collect$$libshutdown$$0000000E  c_w.l(libshutdown2.o)
    0x08000246   0x08000246   0x00000000   Code   RO         7385    .ARM.Collect$$libshutdown$$00000011  c_w.l(libshutdown2.o)
    0x08000246   0x08000246   0x00000002   Code   RO         7386    .ARM.Collect$$libshutdown$$00000012  c_w.l(libshutdown2.o)
    0x08000248   0x08000248   0x00000000   Code   RO         7170    .ARM.Collect$$rtentry$$00000000  c_w.l(__rtentry.o)
    0x08000248   0x08000248   0x00000000   Code   RO         7221    .ARM.Collect$$rtentry$$00000002  c_w.l(__rtentry2.o)
    0x08000248   0x08000248   0x00000006   Code   RO         7233    .ARM.Collect$$rtentry$$00000004  c_w.l(__rtentry4.o)
    0x0800024e   0x0800024e   0x00000000   Code   RO         7223    .ARM.Collect$$rtentry$$00000009  c_w.l(__rtentry2.o)
    0x0800024e   0x0800024e   0x00000004   Code   RO         7224    .ARM.Collect$$rtentry$$0000000A  c_w.l(__rtentry2.o)
    0x08000252   0x08000252   0x00000000   Code   RO         7226    .ARM.Collect$$rtentry$$0000000C  c_w.l(__rtentry2.o)
    0x08000252   0x08000252   0x00000008   Code   RO         7227    .ARM.Collect$$rtentry$$0000000D  c_w.l(__rtentry2.o)
    0x0800025a   0x0800025a   0x00000002   Code   RO         7261    .ARM.Collect$$rtexit$$00000000  c_w.l(rtexit.o)
    0x0800025c   0x0800025c   0x00000000   Code   RO         7317    .ARM.Collect$$rtexit$$00000002  c_w.l(rtexit2.o)
    0x0800025c   0x0800025c   0x00000004   Code   RO         7318    .ARM.Collect$$rtexit$$00000003  c_w.l(rtexit2.o)
    0x08000260   0x08000260   0x00000006   Code   RO         7319    .ARM.Collect$$rtexit$$00000004  c_w.l(rtexit2.o)
    0x08000266   0x08000266   0x00000002   PAD
    0x08000268   0x08000268   0x000000be   Code   RO         5736    .emb_text           port.o
    0x08000326   0x08000326   0x00000002   PAD
    0x08000328   0x08000328   0x00000040   Code   RO            4    .text               startup_stm32f407xx.o
    0x08000368   0x08000368   0x000000ee   Code   RO         7112    .text               c_w.l(lludivv7m.o)
    0x08000456   0x08000456   0x0000003e   Code   RO         7114    .text               c_w.l(strlen.o)
    0x08000494   0x08000494   0x0000008a   Code   RO         7116    .text               c_w.l(rt_memcpy_v6.o)
    0x0800051e   0x0800051e   0x00000064   Code   RO         7118    .text               c_w.l(rt_memcpy_w.o)
    0x08000582   0x08000582   0x00000010   Code   RO         7122    .text               c_w.l(aeabi_memset.o)
    0x08000592   0x08000592   0x0000004e   Code   RO         7124    .text               c_w.l(rt_memclr_w.o)
    0x080005e0   0x080005e0   0x00000006   Code   RO         7126    .text               c_w.l(heapauxi.o)
    0x080005e6   0x080005e6   0x00000016   Code   RO         7175    .text               c_w.l(_rserrno.o)
    0x080005fc   0x080005fc   0x00000044   Code   RO         7177    .text               c_w.l(rt_memclr.o)
    0x08000640   0x08000640   0x00000008   Code   RO         7240    .text               c_w.l(rt_errno_addr_intlibspace.o)
    0x08000648   0x08000648   0x00000008   Code   RO         7244    .text               c_w.l(libspace.o)
    0x08000650   0x08000650   0x0000004a   Code   RO         7247    .text               c_w.l(sys_stackheap_outer.o)
    0x0800069a   0x0800069a   0x00000012   Code   RO         7249    .text               c_w.l(exit.o)
    0x080006ac   0x080006ac   0x0000000c   Code   RO         7314    .text               c_w.l(sys_exit.o)
    0x080006b8   0x080006b8   0x00000002   Code   RO         7333    .text               c_w.l(use_no_semi.o)
    0x080006ba   0x080006ba   0x00000000   Code   RO         7335    .text               c_w.l(indicate_semi.o)
    0x080006ba   0x080006ba   0x00000002   PAD
    0x080006bc   0x080006bc   0x00000020   Code   RO         6919    i.AHRS_init         ins_task.o
    0x080006dc   0x080006dc   0x00000010   Code   RO         6920    i.AHRS_update       ins_task.o
    0x080006ec   0x080006ec   0x00000048   Code   RO          259    i.All_Init_Run      freertos.o
    0x08000734   0x08000734   0x00000010   Code   RO         6444    i.BMI088_ACCEL_NS_H  bmi088middleware.o
    0x08000744   0x08000744   0x00000010   Code   RO         6445    i.BMI088_ACCEL_NS_L  bmi088middleware.o
    0x08000754   0x08000754   0x00000002   Code   RO         6446    i.BMI088_Com_Init   bmi088middleware.o
    0x08000756   0x08000756   0x00000004   Code   RO         6447    i.BMI088_Delay_ms   bmi088middleware.o
    0x0800075a   0x0800075a   0x00000004   Code   RO         6448    i.BMI088_Delay_us   bmi088middleware.o
    0x0800075e   0x0800075e   0x00000002   Code   RO         6449    i.BMI088_GPIO_Init  bmi088middleware.o
    0x08000760   0x08000760   0x00000010   Code   RO         6450    i.BMI088_GYRO_NS_H  bmi088middleware.o
    0x08000770   0x08000770   0x00000010   Code   RO         6451    i.BMI088_GYRO_NS_L  bmi088middleware.o
    0x08000780   0x08000780   0x0000002e   Code   RO         6285    i.BMI088_Init       bmi088driver.o
    0x080007ae   0x080007ae   0x00000002   PAD
    0x080007b0   0x080007b0   0x00000160   Code   RO         6286    i.BMI088_Read       bmi088driver.o
    0x08000910   0x08000910   0x00000024   Code   RO         6287    i.BMI088_Read_Muli_Reg  bmi088driver.o
    0x08000934   0x08000934   0x00000016   Code   RO         6288    i.BMI088_Read_Single_Reg  bmi088driver.o
    0x0800094a   0x0800094a   0x00000002   PAD
    0x0800094c   0x0800094c   0x00000020   Code   RO         6452    i.BMI088_Read_Write_Byte  bmi088middleware.o
    0x0800096c   0x0800096c   0x00000012   Code   RO         6289    i.BMI088_Write_Single_Reg  bmi088driver.o
    0x0800097e   0x0800097e   0x00000002   PAD
    0x08000980   0x08000980   0x00000088   Code   RO         6290    i.BMI088_accel_read_over  bmi088driver.o
    0x08000a08   0x08000a08   0x00000060   Code   RO         6291    i.BMI088_gyro_read_over  bmi088driver.o
    0x08000a68   0x08000a68   0x0000002e   Code   RO         6294    i.BMI088_temperature_read_over  bmi088driver.o
    0x08000a96   0x08000a96   0x00000002   Code   RO          624    i.BusFault_Handler  stm32f4xx_it.o
    0x08000a98   0x08000a98   0x00000060   Code   RO         7072    i.CAN1_REC          task_canmsg.o
    0x08000af8   0x08000af8   0x0000000c   Code   RO          625    i.CAN1_RX0_IRQHandler  stm32f4xx_it.o
    0x08000b04   0x08000b04   0x00000068   Code   RO         7073    i.CAN2_REC          task_canmsg.o
    0x08000b6c   0x08000b6c   0x0000000c   Code   RO          626    i.CAN2_RX0_IRQHandler  stm32f4xx_it.o
    0x08000b78   0x08000b78   0x0000003c   Code   RO         5816    i.CAN_1_Filter_Config  bsp_can.o
    0x08000bb4   0x08000bb4   0x0000003c   Code   RO         5817    i.CAN_2_Filter_Config  bsp_can.o
    0x08000bf0   0x08000bf0   0x00000006   Code   RO         6135    i.ClearFilter       iir_filter.o
    0x08000bf6   0x08000bf6   0x0000001e   Code   RO         6174    i.ComputeMinOffset  cloud_control.o
    0x08000c14   0x08000c14   0x0000000c   Code   RO          627    i.DMA1_Stream1_IRQHandler  stm32f4xx_it.o
    0x08000c20   0x08000c20   0x000002d4   Code   RO         6921    i.DMA2_Stream2_IRQHandler  ins_task.o
    0x08000ef4   0x08000ef4   0x00000028   Code   RO         1499    i.DMA_CalcBaseAndBitshift  stm32f4xx_hal_dma.o
    0x08000f1c   0x08000f1c   0x00000054   Code   RO         1500    i.DMA_CheckFifoParam  stm32f4xx_hal_dma.o
    0x08000f70   0x08000f70   0x00000002   Code   RO          628    i.DebugMon_Handler  stm32f4xx_it.o
    0x08000f72   0x08000f72   0x00000006   Code   RO          629    i.EXTI0_IRQHandler  stm32f4xx_it.o
    0x08000f78   0x08000f78   0x00000006   Code   RO          630    i.EXTI3_IRQHandler  stm32f4xx_it.o
    0x08000f7e   0x08000f7e   0x00000006   Code   RO          631    i.EXTI4_IRQHandler  stm32f4xx_it.o
    0x08000f84   0x08000f84   0x00000006   Code   RO          632    i.EXTI9_5_IRQHandler  stm32f4xx_it.o
    0x08000f8a   0x08000f8a   0x00000004   Code   RO           13    i.Error_Handler     main.o
    0x08000f8e   0x08000f8e   0x00000002   PAD
    0x08000f90   0x08000f90   0x000000b8   Code   RO         6634    i.Euler_Send_Fun    dji_imu.o
    0x08001048   0x08001048   0x00000050   Code   RO         1314    i.FLASH_Erase_Sector  stm32f4xx_hal_flash_ex.o
    0x08001098   0x08001098   0x00000054   Code   RO         1315    i.FLASH_FlushCaches  stm32f4xx_hal_flash_ex.o
    0x080010ec   0x080010ec   0x00000028   Code   RO         1316    i.FLASH_MassErase   stm32f4xx_hal_flash_ex.o
    0x08001114   0x08001114   0x00000020   Code   RO         1196    i.FLASH_Program_Byte  stm32f4xx_hal_flash.o
    0x08001134   0x08001134   0x0000002c   Code   RO         1197    i.FLASH_Program_DoubleWord  stm32f4xx_hal_flash.o
    0x08001160   0x08001160   0x00000024   Code   RO         1198    i.FLASH_Program_HalfWord  stm32f4xx_hal_flash.o
    0x08001184   0x08001184   0x00000024   Code   RO         1199    i.FLASH_Program_Word  stm32f4xx_hal_flash.o
    0x080011a8   0x080011a8   0x00000068   Code   RO         1200    i.FLASH_SetErrorCode  stm32f4xx_hal_flash.o
    0x08001210   0x08001210   0x00000050   Code   RO         1201    i.FLASH_WaitForLastOperation  stm32f4xx_hal_flash.o
    0x08001260   0x08001260   0x00000024   Code   RO          807    i.HAL_CAN_ActivateNotification  stm32f4xx_hal_can.o
    0x08001284   0x08001284   0x000000dc   Code   RO          808    i.HAL_CAN_AddTxMessage  stm32f4xx_hal_can.o
    0x08001360   0x08001360   0x0000010c   Code   RO          809    i.HAL_CAN_ConfigFilter  stm32f4xx_hal_can.o
    0x0800146c   0x0800146c   0x00000002   Code   RO          812    i.HAL_CAN_ErrorCallback  stm32f4xx_hal_can.o
    0x0800146e   0x0800146e   0x000000e8   Code   RO          815    i.HAL_CAN_GetRxMessage  stm32f4xx_hal_can.o
    0x08001556   0x08001556   0x000001fc   Code   RO          819    i.HAL_CAN_IRQHandler  stm32f4xx_hal_can.o
    0x08001752   0x08001752   0x0000011a   Code   RO          820    i.HAL_CAN_Init      stm32f4xx_hal_can.o
    0x0800186c   0x0800186c   0x000000fc   Code   RO          372    i.HAL_CAN_MspInit   can.o
    0x08001968   0x08001968   0x00000002   Code   RO          827    i.HAL_CAN_RxFifo0FullCallback  stm32f4xx_hal_can.o
    0x0800196a   0x0800196a   0x00000002   PAD
    0x0800196c   0x0800196c   0x00000060   Code   RO         5818    i.HAL_CAN_RxFifo0MsgPendingCallback  bsp_can.o
    0x080019cc   0x080019cc   0x00000002   Code   RO          829    i.HAL_CAN_RxFifo1FullCallback  stm32f4xx_hal_can.o
    0x080019ce   0x080019ce   0x00000002   Code   RO          830    i.HAL_CAN_RxFifo1MsgPendingCallback  stm32f4xx_hal_can.o
    0x080019d0   0x080019d0   0x00000002   Code   RO          831    i.HAL_CAN_SleepCallback  stm32f4xx_hal_can.o
    0x080019d2   0x080019d2   0x00000002   PAD
    0x080019d4   0x080019d4   0x00000058   Code   RO          832    i.HAL_CAN_Start     stm32f4xx_hal_can.o
    0x08001a2c   0x08001a2c   0x00000002   Code   RO          834    i.HAL_CAN_TxMailbox0AbortCallback  stm32f4xx_hal_can.o
    0x08001a2e   0x08001a2e   0x00000002   Code   RO          835    i.HAL_CAN_TxMailbox0CompleteCallback  stm32f4xx_hal_can.o
    0x08001a30   0x08001a30   0x00000002   Code   RO          836    i.HAL_CAN_TxMailbox1AbortCallback  stm32f4xx_hal_can.o
    0x08001a32   0x08001a32   0x00000002   Code   RO          837    i.HAL_CAN_TxMailbox1CompleteCallback  stm32f4xx_hal_can.o
    0x08001a34   0x08001a34   0x00000002   Code   RO          838    i.HAL_CAN_TxMailbox2AbortCallback  stm32f4xx_hal_can.o
    0x08001a36   0x08001a36   0x00000002   Code   RO          839    i.HAL_CAN_TxMailbox2CompleteCallback  stm32f4xx_hal_can.o
    0x08001a38   0x08001a38   0x00000002   Code   RO          841    i.HAL_CAN_WakeUpFromRxMsgCallback  stm32f4xx_hal_can.o
    0x08001a3a   0x08001a3a   0x00000092   Code   RO         1502    i.HAL_DMA_Abort     stm32f4xx_hal_dma.o
    0x08001acc   0x08001acc   0x00000024   Code   RO         1503    i.HAL_DMA_Abort_IT  stm32f4xx_hal_dma.o
    0x08001af0   0x08001af0   0x000001a0   Code   RO         1507    i.HAL_DMA_IRQHandler  stm32f4xx_hal_dma.o
    0x08001c90   0x08001c90   0x000000d4   Code   RO         1508    i.HAL_DMA_Init      stm32f4xx_hal_dma.o
    0x08001d64   0x08001d64   0x00000098   Code   RO         1317    i.HAL_FLASHEx_Erase  stm32f4xx_hal_flash_ex.o
    0x08001dfc   0x08001dfc   0x00000014   Code   RO         1205    i.HAL_FLASH_Lock    stm32f4xx_hal_flash.o
    0x08001e10   0x08001e10   0x0000007c   Code   RO         1210    i.HAL_FLASH_Program  stm32f4xx_hal_flash.o
    0x08001e8c   0x08001e8c   0x0000002c   Code   RO         1212    i.HAL_FLASH_Unlock  stm32f4xx_hal_flash.o
    0x08001eb8   0x08001eb8   0x0000006c   Code   RO         6922    i.HAL_GPIO_EXTI_Callback  ins_task.o
    0x08001f24   0x08001f24   0x00000018   Code   RO         1394    i.HAL_GPIO_EXTI_IRQHandler  stm32f4xx_hal_gpio.o
    0x08001f3c   0x08001f3c   0x000001f0   Code   RO         1395    i.HAL_GPIO_Init     stm32f4xx_hal_gpio.o
    0x0800212c   0x0800212c   0x0000000a   Code   RO         1397    i.HAL_GPIO_ReadPin  stm32f4xx_hal_gpio.o
    0x08002136   0x08002136   0x0000000a   Code   RO         1399    i.HAL_GPIO_WritePin  stm32f4xx_hal_gpio.o
    0x08002140   0x08002140   0x0000000c   Code   RO         1927    i.HAL_GetTick       stm32f4xx_hal.o
    0x0800214c   0x0800214c   0x00000188   Code   RO         2183    i.HAL_I2C_Init      stm32f4xx_hal_i2c.o
    0x080022d4   0x080022d4   0x000001f8   Code   RO         2201    i.HAL_I2C_Mem_Read  stm32f4xx_hal_i2c.o
    0x080024cc   0x080024cc   0x00000130   Code   RO         2204    i.HAL_I2C_Mem_Write  stm32f4xx_hal_i2c.o
    0x080025fc   0x080025fc   0x00000094   Code   RO          445    i.HAL_I2C_MspInit   i2c.o
    0x08002690   0x08002690   0x00000010   Code   RO         1933    i.HAL_IncTick       stm32f4xx_hal.o
    0x080026a0   0x080026a0   0x00000034   Code   RO         1934    i.HAL_Init          stm32f4xx_hal.o
    0x080026d4   0x080026d4   0x00000098   Code   RO          767    i.HAL_InitTick      stm32f4xx_hal_timebase_tim.o
    0x0800276c   0x0800276c   0x00000038   Code   RO          743    i.HAL_MspInit       stm32f4xx_hal_msp.o
    0x080027a4   0x080027a4   0x0000001a   Code   RO         1784    i.HAL_NVIC_EnableIRQ  stm32f4xx_hal_cortex.o
    0x080027be   0x080027be   0x00000002   PAD
    0x080027c0   0x080027c0   0x00000040   Code   RO         1790    i.HAL_NVIC_SetPriority  stm32f4xx_hal_cortex.o
    0x08002800   0x08002800   0x00000024   Code   RO         1791    i.HAL_NVIC_SetPriorityGrouping  stm32f4xx_hal_cortex.o
    0x08002824   0x08002824   0x00000134   Code   RO         1041    i.HAL_RCC_ClockConfig  stm32f4xx_hal_rcc.o
    0x08002958   0x08002958   0x00000040   Code   RO         1045    i.HAL_RCC_GetClockConfig  stm32f4xx_hal_rcc.o
    0x08002998   0x08002998   0x00000020   Code   RO         1048    i.HAL_RCC_GetPCLK1Freq  stm32f4xx_hal_rcc.o
    0x080029b8   0x080029b8   0x00000020   Code   RO         1049    i.HAL_RCC_GetPCLK2Freq  stm32f4xx_hal_rcc.o
    0x080029d8   0x080029d8   0x00000064   Code   RO         1050    i.HAL_RCC_GetSysClockFreq  stm32f4xx_hal_rcc.o
    0x08002a3c   0x08002a3c   0x0000036c   Code   RO         1053    i.HAL_RCC_OscConfig  stm32f4xx_hal_rcc.o
    0x08002da8   0x08002da8   0x000000bc   Code   RO         2633    i.HAL_SPI_Init      stm32f4xx_hal_spi.o
    0x08002e64   0x08002e64   0x000000fc   Code   RO          487    i.HAL_SPI_MspInit   spi.o
    0x08002f60   0x08002f60   0x000001e2   Code   RO         2642    i.HAL_SPI_TransmitReceive  stm32f4xx_hal_spi.o
    0x08003142   0x08003142   0x00000002   Code   RO         3650    i.HAL_TIMEx_BreakCallback  stm32f4xx_hal_tim_ex.o
    0x08003144   0x08003144   0x00000002   Code   RO         3651    i.HAL_TIMEx_CommutCallback  stm32f4xx_hal_tim_ex.o
    0x08003146   0x08003146   0x0000005a   Code   RO         2946    i.HAL_TIM_Base_Init  stm32f4xx_hal_tim.o
    0x080031a0   0x080031a0   0x00000028   Code   RO          529    i.HAL_TIM_Base_MspInit  tim.o
    0x080031c8   0x080031c8   0x00000080   Code   RO         2951    i.HAL_TIM_Base_Start_IT  stm32f4xx_hal_tim.o
    0x08003248   0x08003248   0x00000002   Code   RO         2980    i.HAL_TIM_IC_CaptureCallback  stm32f4xx_hal_tim.o
    0x0800324a   0x0800324a   0x00000166   Code   RO         2994    i.HAL_TIM_IRQHandler  stm32f4xx_hal_tim.o
    0x080033b0   0x080033b0   0x00000054   Code   RO          530    i.HAL_TIM_MspPostInit  tim.o
    0x08003404   0x08003404   0x00000002   Code   RO         2997    i.HAL_TIM_OC_DelayElapsedCallback  stm32f4xx_hal_tim.o
    0x08003406   0x08003406   0x000000cc   Code   RO         3018    i.HAL_TIM_PWM_ConfigChannel  stm32f4xx_hal_tim.o
    0x080034d2   0x080034d2   0x0000005a   Code   RO         3021    i.HAL_TIM_PWM_Init  stm32f4xx_hal_tim.o
    0x0800352c   0x0800352c   0x00000002   Code   RO         3023    i.HAL_TIM_PWM_MspInit  stm32f4xx_hal_tim.o
    0x0800352e   0x0800352e   0x00000002   Code   RO         3024    i.HAL_TIM_PWM_PulseFinishedCallback  stm32f4xx_hal_tim.o
    0x08003530   0x08003530   0x00000014   Code   RO           14    i.HAL_TIM_PeriodElapsedCallback  main.o
    0x08003544   0x08003544   0x00000002   Code   RO         3037    i.HAL_TIM_TriggerCallback  stm32f4xx_hal_tim.o
    0x08003546   0x08003546   0x00000002   Code   RO         3928    i.HAL_UARTEx_RxEventCallback  stm32f4xx_hal_uart.o
    0x08003548   0x08003548   0x00000002   Code   RO         3942    i.HAL_UART_ErrorCallback  stm32f4xx_hal_uart.o
    0x0800354a   0x0800354a   0x00000002   PAD
    0x0800354c   0x0800354c   0x00000268   Code   RO         3945    i.HAL_UART_IRQHandler  stm32f4xx_hal_uart.o
    0x080037b4   0x080037b4   0x00000062   Code   RO         3946    i.HAL_UART_Init     stm32f4xx_hal_uart.o
    0x08003816   0x08003816   0x00000002   PAD
    0x08003818   0x08003818   0x00000128   Code   RO          577    i.HAL_UART_MspInit  usart.o
    0x08003940   0x08003940   0x00000002   Code   RO         3952    i.HAL_UART_RxCpltCallback  stm32f4xx_hal_uart.o
    0x08003942   0x08003942   0x00000002   Code   RO         3957    i.HAL_UART_TxCpltCallback  stm32f4xx_hal_uart.o
    0x08003944   0x08003944   0x00000002   Code   RO          633    i.HardFault_Handler  stm32f4xx_it.o
    0x08003946   0x08003946   0x0000002e   Code   RO         2225    i.I2C_IsAcknowledgeFailed  stm32f4xx_hal_i2c.o
    0x08003974   0x08003974   0x000000fc   Code   RO         2235    i.I2C_RequestMemoryRead  stm32f4xx_hal_i2c.o
    0x08003a70   0x08003a70   0x000000a8   Code   RO         2236    i.I2C_RequestMemoryWrite  stm32f4xx_hal_i2c.o
    0x08003b18   0x08003b18   0x0000004c   Code   RO         2240    i.I2C_WaitOnBTFFlagUntilTimeout  stm32f4xx_hal_i2c.o
    0x08003b64   0x08003b64   0x00000068   Code   RO         2241    i.I2C_WaitOnFlagUntilTimeout  stm32f4xx_hal_i2c.o
    0x08003bcc   0x08003bcc   0x00000096   Code   RO         2242    i.I2C_WaitOnMasterAddressFlagUntilTimeout  stm32f4xx_hal_i2c.o
    0x08003c62   0x08003c62   0x00000066   Code   RO         2243    i.I2C_WaitOnRXNEFlagUntilTimeout  stm32f4xx_hal_i2c.o
    0x08003cc8   0x08003cc8   0x0000004c   Code   RO         2244    i.I2C_WaitOnTXEFlagUntilTimeout  stm32f4xx_hal_i2c.o
    0x08003d14   0x08003d14   0x00000028   Code   RO         6888    i.IMU_Send          imu_send_task.o
    0x08003d3c   0x08003d3c   0x00000060   Code   RO         6923    i.INS_cali_gyro     ins_task.o
    0x08003d9c   0x08003d9c   0x00000028   Code   RO         6924    i.INS_set_cali_gyro  ins_task.o
    0x08003dc4   0x08003dc4   0x00000260   Code   RO         6925    i.INS_task          ins_task.o
    0x08004024   0x08004024   0x0000003c   Code   RO         6736    i.M3508_shoot_getInfo  m3508_motor.o
    0x08004060   0x08004060   0x00000034   Code   RO         6772    i.M6020_Pitch_getInfo  m6020_motor.o
    0x08004094   0x08004094   0x00000034   Code   RO         6773    i.M6020_Yaw_getInfo  m6020_motor.o
    0x080040c8   0x080040c8   0x00000044   Code   RO          373    i.MX_CAN1_Init      can.o
    0x0800410c   0x0800410c   0x00000044   Code   RO          374    i.MX_CAN2_Init      can.o
    0x08004150   0x08004150   0x0000005c   Code   RO          420    i.MX_DMA_Init       dma.o
    0x080041ac   0x080041ac   0x000000d8   Code   RO          260    i.MX_FREERTOS_Init  freertos.o
    0x08004284   0x08004284   0x00000160   Code   RO          232    i.MX_GPIO_Init      gpio.o
    0x080043e4   0x080043e4   0x00000040   Code   RO          446    i.MX_I2C3_Init      i2c.o
    0x08004424   0x08004424   0x00000048   Code   RO          488    i.MX_SPI1_Init      spi.o
    0x0800446c   0x0800446c   0x00000064   Code   RO          531    i.MX_TIM10_Init     tim.o
    0x080044d0   0x080044d0   0x00000038   Code   RO          578    i.MX_USART1_UART_Init  usart.o
    0x08004508   0x08004508   0x0000003c   Code   RO          579    i.MX_USART3_UART_Init  usart.o
    0x08004544   0x08004544   0x00000354   Code   RO         5995    i.MahonyAHRSupdate  mahonyahrs.o
    0x08004898   0x08004898   0x000001e4   Code   RO         5996    i.MahonyAHRSupdateIMU  mahonyahrs.o
    0x08004a7c   0x08004a7c   0x00000002   Code   RO          634    i.MemManage_Handler  stm32f4xx_it.o
    0x08004a7e   0x08004a7e   0x00000002   Code   RO          635    i.NMI_Handler       stm32f4xx_it.o
    0x08004a80   0x08004a80   0x00000016   Code   RO         7042    i.Robot_Control     robot_control_task.o
    0x08004a96   0x08004a96   0x00000004   Code   RO         6175    i.Robot_Control_Fun  cloud_control.o
    0x08004a9a   0x08004a9a   0x00000002   PAD
    0x08004a9c   0x08004a9c   0x000000d0   Code   RO         6176    i.Robot_control     cloud_control.o
    0x08004b6c   0x08004b6c   0x00001274   Code   RO         5964    i.SPI1_DMA_enable   bsp_spi.o
    0x08005de0   0x08005de0   0x000000f0   Code   RO         5965    i.SPI1_DMA_init     bsp_spi.o
    0x08005ed0   0x08005ed0   0x00000058   Code   RO         2671    i.SPI_EndRxTxTransaction  stm32f4xx_hal_spi.o
    0x08005f28   0x08005f28   0x000000b8   Code   RO         2676    i.SPI_WaitFlagStateUntilTimeout  stm32f4xx_hal_spi.o
    0x08005fe0   0x08005fe0   0x00000104   Code   RO         6177    i.Ship_ChassisWorkMode_cloud  cloud_control.o
    0x080060e4   0x080060e4   0x00000070   Code   RO         6178    i.Ship_ChassisWorkMode_shoot  cloud_control.o
    0x08006154   0x08006154   0x0000002c   Code   RO         5737    i.SysTick_Handler   port.o
    0x08006180   0x08006180   0x00000094   Code   RO           15    i.SystemClock_Config  main.o
    0x08006214   0x08006214   0x00000010   Code   RO         4275    i.SystemInit        system_stm32f4xx.o
    0x08006224   0x08006224   0x0000000c   Code   RO          636    i.TIM6_DAC_IRQHandler  stm32f4xx_it.o
    0x08006230   0x08006230   0x000000c8   Code   RO         3039    i.TIM_Base_SetConfig  stm32f4xx_hal_tim.o
    0x080062f8   0x080062f8   0x00000060   Code   RO         3052    i.TIM_OC1_SetConfig  stm32f4xx_hal_tim.o
    0x08006358   0x08006358   0x0000006c   Code   RO         3053    i.TIM_OC2_SetConfig  stm32f4xx_hal_tim.o
    0x080063c4   0x080063c4   0x00000068   Code   RO         3054    i.TIM_OC3_SetConfig  stm32f4xx_hal_tim.o
    0x0800642c   0x0800642c   0x00000050   Code   RO         3055    i.TIM_OC4_SetConfig  stm32f4xx_hal_tim.o
    0x0800647c   0x0800647c   0x00000010   Code   RO         3959    i.UART_DMAAbortOnError  stm32f4xx_hal_uart.o
    0x0800648c   0x0800648c   0x0000004e   Code   RO         3969    i.UART_EndRxTransfer  stm32f4xx_hal_uart.o
    0x080064da   0x080064da   0x000000c0   Code   RO         3971    i.UART_Receive_IT   stm32f4xx_hal_uart.o
    0x0800659a   0x0800659a   0x00000002   PAD
    0x0800659c   0x0800659c   0x0000010c   Code   RO         3972    i.UART_SetConfig    stm32f4xx_hal_uart.o
    0x080066a8   0x080066a8   0x0000000c   Code   RO          637    i.USART3_IRQHandler  stm32f4xx_it.o
    0x080066b4   0x080066b4   0x00000002   Code   RO          638    i.UsageFault_Handler  stm32f4xx_it.o
    0x080066b6   0x080066b6   0x00000026   Code   RO         7192    i.__ARM_fpclassifyf  m_wm.l(fpclassifyf.o)
    0x080066dc   0x080066dc   0x00000020   Code   RO         1797    i.__NVIC_SetPriority  stm32f4xx_hal_cortex.o
    0x080066fc   0x080066fc   0x0000012c   Code   RO         7134    i.__hardfp_asinf    m_wm.l(asinf.o)
    0x08006828   0x08006828   0x000002ac   Code   RO         7146    i.__hardfp_atan2f   m_wm.l(atan2f.o)
    0x08006ad4   0x08006ad4   0x0000007a   Code   RO         7158    i.__hardfp_sqrt     m_wm.l(sqrt.o)
    0x08006b4e   0x08006b4e   0x00000006   Code   RO         7195    i.__mathlib_flt_infnan  m_wm.l(funder.o)
    0x08006b54   0x08006b54   0x00000006   Code   RO         7196    i.__mathlib_flt_infnan2  m_wm.l(funder.o)
    0x08006b5a   0x08006b5a   0x00000002   PAD
    0x08006b5c   0x08006b5c   0x00000010   Code   RO         7197    i.__mathlib_flt_invalid  m_wm.l(funder.o)
    0x08006b6c   0x08006b6c   0x00000010   Code   RO         7200    i.__mathlib_flt_underflow  m_wm.l(funder.o)
    0x08006b7c   0x08006b7c   0x00000110   Code   RO         6295    i.bmi088_accel_init  bmi088driver.o
    0x08006c8c   0x08006c8c   0x00000294   Code   RO         6296    i.bmi088_accel_self_test  bmi088driver.o
    0x08006f20   0x08006f20   0x000000dc   Code   RO         6297    i.bmi088_gyro_init  bmi088driver.o
    0x08006ffc   0x08006ffc   0x000000ca   Code   RO         6298    i.bmi088_gyro_self_test  bmi088driver.o
    0x080070c6   0x080070c6   0x00000002   PAD
    0x080070c8   0x080070c8   0x0000008c   Code   RO         6820    i.cali_data_read    calibrate_task.o
    0x08007154   0x08007154   0x0000006c   Code   RO         6821    i.cali_data_write   calibrate_task.o
    0x080071c0   0x080071c0   0x0000003c   Code   RO         6822    i.cali_gyro_hook    calibrate_task.o
    0x080071fc   0x080071fc   0x00000078   Code   RO         6823    i.cali_param_init   calibrate_task.o
    0x08007274   0x08007274   0x000000d0   Code   RO         6824    i.calibrate_task    calibrate_task.o
    0x08007344   0x08007344   0x00000028   Code   RO         5866    i.delay_init        bsp_delay.o
    0x0800736c   0x0800736c   0x00000034   Code   RO         5868    i.delay_us          bsp_delay.o
    0x080073a0   0x080073a0   0x00000038   Code   RO         6234    i.dr16_getInfo      dr16.o
    0x080073d8   0x080073d8   0x0000002a   Code   RO         5907    i.flash_erase_address  bsp_flash.o
    0x08007402   0x08007402   0x0000000c   Code   RO         5908    i.flash_read        bsp_flash.o
    0x0800740e   0x0800740e   0x00000002   PAD
    0x08007410   0x08007410   0x00000068   Code   RO         5910    i.flash_write_single_address  bsp_flash.o
    0x08007478   0x08007478   0x00000058   Code   RO         6136    i.float_Batwolf     iir_filter.o
    0x080074d0   0x080074d0   0x000000c4   Code   RO         5911    i.ger_sector        bsp_flash.o
    0x08007594   0x08007594   0x000000b0   Code   RO         6927    i.get_angle         ins_task.o
    0x08007644   0x08007644   0x000000d4   Code   RO         5912    i.get_next_flash_address  bsp_flash.o
    0x08007718   0x08007718   0x0000004c   Code   RO         6928    i.gyro_offset_calc  ins_task.o
    0x08007764   0x08007764   0x000000ec   Code   RO         6929    i.imu_cali_slove    ins_task.o
    0x08007850   0x08007850   0x00000110   Code   RO         6930    i.imu_cmd_spi_dma   ins_task.o
    0x08007960   0x08007960   0x0000000c   Code   RO         6303    i.imu_pwm_set       bmi088driver.o
    0x0800796c   0x0800796c   0x0000007c   Code   RO         6931    i.imu_temp_control  ins_task.o
    0x080079e8   0x080079e8   0x0000002c   Code   RO         5997    i.invSqrt           mahonyahrs.o
    0x08007a14   0x08007a14   0x00000002   Code   RO         6555    i.ist8310_GPIO_init  ist8310middleware.o
    0x08007a16   0x08007a16   0x00000002   PAD
    0x08007a18   0x08007a18   0x00000024   Code   RO         6557    i.ist8310_IIC_read_single_reg  ist8310middleware.o
    0x08007a3c   0x08007a3c   0x00000024   Code   RO         6559    i.ist8310_IIC_write_single_reg  ist8310middleware.o
    0x08007a60   0x08007a60   0x00000010   Code   RO         6560    i.ist8310_RST_H     ist8310middleware.o
    0x08007a70   0x08007a70   0x00000010   Code   RO         6561    i.ist8310_RST_L     ist8310middleware.o
    0x08007a80   0x08007a80   0x00000002   Code   RO         6562    i.ist8310_com_init  ist8310middleware.o
    0x08007a82   0x08007a82   0x00000004   Code   RO         6563    i.ist8310_delay_ms  ist8310middleware.o
    0x08007a86   0x08007a86   0x00000002   PAD
    0x08007a88   0x08007a88   0x00000080   Code   RO         6517    i.ist8310_init      ist8310driver.o
    0x08007b08   0x08007b08   0x00000036   Code   RO           16    i.main              main.o
    0x08007b3e   0x08007b3e   0x0000000c   Code   RO         5302    i.makeFreeRtosPriority  cmsis_os.o
    0x08007b4a   0x08007b4a   0x00000002   PAD
    0x08007b4c   0x08007b4c   0x000000fc   Code   RO         6033    i.motor_pid_init    pid.o
    0x08007c48   0x08007c48   0x0000000e   Code   RO         5304    i.osDelay           cmsis_os.o
    0x08007c56   0x08007c56   0x0000000a   Code   RO         5307    i.osKernelStart     cmsis_os.o
    0x08007c60   0x08007c60   0x00000026   Code   RO         5316    i.osMessageCreate   cmsis_os.o
    0x08007c86   0x08007c86   0x00000054   Code   RO         5341    i.osThreadCreate    cmsis_os.o
    0x08007cda   0x08007cda   0x00000002   PAD
    0x08007cdc   0x08007cdc   0x00000020   Code   RO         4795    i.pcTaskGetName     tasks.o
    0x08007cfc   0x08007cfc   0x00000026   Code   RO         6034    i.pid_CascadeCalc_pitch  pid.o
    0x08007d22   0x08007d22   0x00000002   PAD
    0x08007d24   0x08007d24   0x00000064   Code   RO         6035    i.pid_CascadeCalc_yaw  pid.o
    0x08007d88   0x08007d88   0x000000a6   Code   RO         6036    i.pid_calc          pid.o
    0x08007e2e   0x08007e2e   0x000000c2   Code   RO         6037    i.pid_calc_cloud    pid.o
    0x08007ef0   0x08007ef0   0x000000c6   Code   RO         6038    i.pid_calc_shoot    pid.o
    0x08007fb6   0x08007fb6   0x00000006   Code   RO         6039    i.pid_init          pid.o
    0x08007fbc   0x08007fbc   0x00000078   Code   RO         4796    i.prvAddCurrentTaskToDelayedList  tasks.o
    0x08008034   0x08008034   0x000000d0   Code   RO         4797    i.prvAddNewTaskToReadyList  tasks.o
    0x08008104   0x08008104   0x00000058   Code   RO         5144    i.prvCheckForValidListAndQueue  timers.o
    0x0800815c   0x0800815c   0x00000026   Code   RO         4453    i.prvCopyDataFromQueue  queue.o
    0x08008182   0x08008182   0x0000006c   Code   RO         4454    i.prvCopyDataToQueue  queue.o
    0x080081ee   0x080081ee   0x00000034   Code   RO         4798    i.prvDeleteTCB      tasks.o
    0x08008222   0x08008222   0x00000002   PAD
    0x08008224   0x08008224   0x0000004c   Code   RO         5681    i.prvHeapInit       heap_4.o
    0x08008270   0x08008270   0x00000060   Code   RO         4799    i.prvIdleTask       tasks.o
    0x080082d0   0x080082d0   0x00000016   Code   RO         4456    i.prvInitialiseNewQueue  queue.o
    0x080082e6   0x080082e6   0x00000002   PAD
    0x080082e8   0x080082e8   0x000000b4   Code   RO         4800    i.prvInitialiseNewTask  tasks.o
    0x0800839c   0x0800839c   0x0000004c   Code   RO         5682    i.prvInsertBlockIntoFreeList  heap_4.o
    0x080083e8   0x080083e8   0x00000038   Code   RO         5146    i.prvInsertTimerInActiveList  timers.o
    0x08008420   0x08008420   0x0000001c   Code   RO         4457    i.prvIsQueueEmpty   queue.o
    0x0800843c   0x0800843c   0x000000fc   Code   RO         5147    i.prvProcessReceivedCommands  timers.o
    0x08008538   0x08008538   0x000000c0   Code   RO         5148    i.prvProcessTimerOrBlockTask  timers.o
    0x080085f8   0x080085f8   0x00000020   Code   RO         4801    i.prvResetNextTaskUnblockTime  tasks.o
    0x08008618   0x08008618   0x00000028   Code   RO         5149    i.prvSampleTimeNow  timers.o
    0x08008640   0x08008640   0x00000058   Code   RO         4802    i.prvSearchForNameWithinSingleList  tasks.o
    0x08008698   0x08008698   0x0000006c   Code   RO         5150    i.prvSwitchTimerLists  timers.o
    0x08008704   0x08008704   0x00000028   Code   RO         5738    i.prvTaskExitError  port.o
    0x0800872c   0x0800872c   0x00000024   Code   RO         5151    i.prvTimerTask      timers.o
    0x08008750   0x08008750   0x0000006a   Code   RO         4458    i.prvUnlockQueue    queue.o
    0x080087ba   0x080087ba   0x00000002   PAD
    0x080087bc   0x080087bc   0x000000dc   Code   RO         5683    i.pvPortMalloc      heap_4.o
    0x08008898   0x08008898   0x0000002c   Code   RO         5739    i.pxPortInitialiseStack  port.o
    0x080088c4   0x080088c4   0x00000050   Code   RO         6737    i.set_M3508_shoot_voltage  m3508_motor.o
    0x08008914   0x08008914   0x00000050   Code   RO         6774    i.set_M6020_pitch_voltage  m6020_motor.o
    0x08008964   0x08008964   0x00000050   Code   RO         6775    i.set_M6020_yaw_voltage  m6020_motor.o
    0x080089b4   0x080089b4   0x0000003e   Code   RO         7210    i.sqrtf             m_wm.l(sqrtf.o)
    0x080089f2   0x080089f2   0x00000002   PAD
    0x080089f4   0x080089f4   0x00000068   Code   RO         4805    i.ulTaskNotifyTake  tasks.o
    0x08008a5c   0x08008a5c   0x00000026   Code   RO         4413    i.uxListRemove      list.o
    0x08008a82   0x08008a82   0x00000002   PAD
    0x08008a84   0x08008a84   0x00000020   Code   RO         4808    i.uxTaskGetStackHighWaterMark  tasks.o
    0x08008aa4   0x08008aa4   0x00000014   Code   RO          261    i.vApplicationGetIdleTaskMemory  freertos.o
    0x08008ab8   0x08008ab8   0x00000018   Code   RO          262    i.vApplicationGetTimerTaskMemory  freertos.o
    0x08008ad0   0x08008ad0   0x00000016   Code   RO         4414    i.vListInitialise   list.o
    0x08008ae6   0x08008ae6   0x00000006   Code   RO         4415    i.vListInitialiseItem  list.o
    0x08008aec   0x08008aec   0x00000030   Code   RO         4416    i.vListInsert       list.o
    0x08008b1c   0x08008b1c   0x00000018   Code   RO         4417    i.vListInsertEnd    list.o
    0x08008b34   0x08008b34   0x00000040   Code   RO         5741    i.vPortEnterCritical  port.o
    0x08008b74   0x08008b74   0x00000028   Code   RO         5742    i.vPortExitCritical  port.o
    0x08008b9c   0x08008b9c   0x00000064   Code   RO         5684    i.vPortFree         heap_4.o
    0x08008c00   0x08008c00   0x00000024   Code   RO         5743    i.vPortSetupTimerInterrupt  port.o
    0x08008c24   0x08008c24   0x00000054   Code   RO         5744    i.vPortValidateInterruptPriority  port.o
    0x08008c78   0x08008c78   0x00000028   Code   RO         4462    i.vQueueAddToRegistry  queue.o
    0x08008ca0   0x08008ca0   0x00000044   Code   RO         4465    i.vQueueWaitForMessageRestricted  queue.o
    0x08008ce4   0x08008ce4   0x0000004c   Code   RO         4812    i.vTaskDelay        tasks.o
    0x08008d30   0x08008d30   0x0000008c   Code   RO         4813    i.vTaskDelayUntil   tasks.o
    0x08008dbc   0x08008dbc   0x000000ac   Code   RO         4814    i.vTaskDelete       tasks.o
    0x08008e68   0x08008e68   0x00000010   Code   RO         4816    i.vTaskInternalSetTimeOutState  tasks.o
    0x08008e78   0x08008e78   0x0000000c   Code   RO         4817    i.vTaskMissedYield  tasks.o
    0x08008e84   0x08008e84   0x000000b4   Code   RO         4818    i.vTaskNotifyGiveFromISR  tasks.o
    0x08008f38   0x08008f38   0x00000030   Code   RO         4819    i.vTaskPlaceOnEventList  tasks.o
    0x08008f68   0x08008f68   0x00000038   Code   RO         4820    i.vTaskPlaceOnEventListRestricted  tasks.o
    0x08008fa0   0x08008fa0   0x00000088   Code   RO         4827    i.vTaskStartScheduler  tasks.o
    0x08009028   0x08009028   0x00000010   Code   RO         4829    i.vTaskSuspendAll   tasks.o
    0x08009038   0x08009038   0x0000005c   Code   RO         4830    i.vTaskSwitchContext  tasks.o
    0x08009094   0x08009094   0x000000f4   Code   RO         5745    i.xPortStartScheduler  port.o
    0x08009188   0x08009188   0x00000042   Code   RO         4468    i.xQueueGenericCreate  queue.o
    0x080091ca   0x080091ca   0x00000066   Code   RO         4469    i.xQueueGenericCreateStatic  queue.o
    0x08009230   0x08009230   0x00000088   Code   RO         4470    i.xQueueGenericReset  queue.o
    0x080092b8   0x080092b8   0x00000160   Code   RO         4471    i.xQueueGenericSend  queue.o
    0x08009418   0x08009418   0x000000be   Code   RO         4472    i.xQueueGenericSendFromISR  queue.o
    0x080094d6   0x080094d6   0x00000002   PAD
    0x080094d8   0x080094d8   0x00000138   Code   RO         4480    i.xQueueReceive     queue.o
    0x08009610   0x08009610   0x00000088   Code   RO         4833    i.xTaskCheckForTimeOut  tasks.o
    0x08009698   0x08009698   0x0000005a   Code   RO         4834    i.xTaskCreate       tasks.o
    0x080096f2   0x080096f2   0x00000056   Code   RO         4835    i.xTaskCreateStatic  tasks.o
    0x08009748   0x08009748   0x00000084   Code   RO         4839    i.xTaskGetHandle    tasks.o
    0x080097cc   0x080097cc   0x0000001c   Code   RO         4840    i.xTaskGetSchedulerState  tasks.o
    0x080097e8   0x080097e8   0x0000000c   Code   RO         4841    i.xTaskGetTickCount  tasks.o
    0x080097f4   0x080097f4   0x000000cc   Code   RO         4843    i.xTaskIncrementTick  tasks.o
    0x080098c0   0x080098c0   0x00000098   Code   RO         4846    i.xTaskPriorityDisinherit  tasks.o
    0x08009958   0x08009958   0x00000074   Code   RO         4848    i.xTaskRemoveFromEventList  tasks.o
    0x080099cc   0x080099cc   0x000000c4   Code   RO         4849    i.xTaskResumeAll    tasks.o
    0x08009a90   0x08009a90   0x00000060   Code   RO         5158    i.xTimerCreateTimerTask  timers.o
    0x08009af0   0x08009af0   0x00000068   Code   RO         5159    i.xTimerGenericCommand  timers.o
    0x08009b58   0x08009b58   0x00000062   Code   RO         7130    x$fpl$d2f           fz_wm.l(d2f.o)
    0x08009bba   0x08009bba   0x0000009c   Code   RO         7181    x$fpl$dnaninf       fz_wm.l(dnaninf.o)
    0x08009c56   0x08009c56   0x0000000c   Code   RO         7183    x$fpl$dretinf       fz_wm.l(dretinf.o)
    0x08009c62   0x08009c62   0x00000002   PAD
    0x08009c64   0x08009c64   0x00000198   Code   RO         7185    x$fpl$dsqrt         fz_wm.l(dsqrt_umaal.o)
    0x08009dfc   0x08009dfc   0x00000056   Code   RO         7132    x$fpl$f2d           fz_wm.l(f2d.o)
    0x08009e52   0x08009e52   0x0000008c   Code   RO         7187    x$fpl$fnaninf       fz_wm.l(fnaninf.o)
    0x08009ede   0x08009ede   0x0000000a   Code   RO         7329    x$fpl$fpinit        fz_wm.l(fpinit.o)
    0x08009ee8   0x08009ee8   0x0000000a   Code   RO         7189    x$fpl$fretinf       fz_wm.l(fretinf.o)
    0x08009ef2   0x08009ef2   0x00000000   Code   RO         7191    x$fpl$usenofp       fz_wm.l(usenofp.o)
    0x08009ef2   0x08009ef2   0x00000002   PAD
    0x08009ef4   0x08009ef4   0x000000e4   Data   RO          264    .constdata          freertos.o
    0x08009fd8   0x08009fd8   0x00000008   Data   RO         1514    .constdata          stm32f4xx_hal_dma.o
    0x08009fe0   0x08009fe0   0x00000010   Data   RO         4276    .constdata          system_stm32f4xx.o
    0x08009ff0   0x08009ff0   0x00000008   Data   RO         4277    .constdata          system_stm32f4xx.o
    0x08009ff8   0x08009ff8   0x00000012   Data   RO         6304    .constdata          bmi088driver.o
    0x0800a00a   0x0800a00a   0x0000000c   Data   RO         6520    .constdata          ist8310driver.o
    0x0800a016   0x0800a016   0x00000003   Data   RO         6827    .constdata          calibrate_task.o
    0x0800a019   0x0800a019   0x00000003   PAD
    0x0800a01c   0x0800a01c   0x00000055   Data   RO          265    .conststring        freertos.o
    0x0800a071   0x0800a071   0x00000003   PAD
    0x0800a074   0x0800a074   0x00000020   Data   RO         7387    Region$$Table       anon$$obj.o


    Execution Region RW_IRAM1 (Exec base: 0x20000000, Load base: 0x0800a094, Size: 0x0000b300, Max: 0x0001c000, ABSOLUTE, COMPRESSED[0x00000074])

    Exec Addr    Load Addr    Size         Type   Attr      Idx    E Section Name        Object

    0x20000000   COMPRESSED   0x00000024   Data   RW          266    .data               freertos.o
    0x20000024   COMPRESSED   0x00000004   Data   RW          376    .data               can.o
    0x20000028   COMPRESSED   0x0000000c   Data   RW         1941    .data               stm32f4xx_hal.o
    0x20000034   COMPRESSED   0x00000004   Data   RW         4278    .data               system_stm32f4xx.o
    0x20000038   COMPRESSED   0x0000003c   Data   RW         4852    .data               tasks.o
    0x20000074   COMPRESSED   0x00000014   Data   RW         5167    .data               timers.o
    0x20000088   COMPRESSED   0x00000020   Data   RW         5690    .data               heap_4.o
    0x200000a8   COMPRESSED   0x0000000c   Data   RW         5746    .data               port.o
    0x200000b4   COMPRESSED   0x00000008   Data   RW         5869    .data               bsp_delay.o
    0x200000bc   COMPRESSED   0x00000010   Data   RW         5913    .data               bsp_flash.o
    0x200000cc   COMPRESSED   0x00000014   Data   RW         5998    .data               mahonyahrs.o
    0x200000e0   COMPRESSED   0x00000001   Data   RW         6179    .data               cloud_control.o
    0x200000e1   COMPRESSED   0x00000003   PAD
    0x200000e4   COMPRESSED   0x00000024   Data   RW         6235    .data               dr16.o
    0x20000108   COMPRESSED   0x00000002   Data   RW         6236    .data               dr16.o
    0x2000010a   COMPRESSED   0x00000002   PAD
    0x2000010c   COMPRESSED   0x00000034   Data   RW         6305    .data               bmi088driver.o
    0x20000140   COMPRESSED   0x00000010   Data   RW         6637    .data               dji_imu.o
    0x20000150   COMPRESSED   0x00000002   Data   RW         6638    .data               dji_imu.o
    0x20000152   COMPRESSED   0x00000002   PAD
    0x20000154   COMPRESSED   0x00000014   Data   RW         6828    .data               calibrate_task.o
    0x20000168   COMPRESSED   0x000000a0   Data   RW         6936    .data               ins_task.o
    0x20000208        -       0x000006a8   Zero   RW          263    .bss                freertos.o
    0x200008b0        -       0x00000050   Zero   RW          375    .bss                can.o
    0x20000900        -       0x00000054   Zero   RW          447    .bss                i2c.o
    0x20000954        -       0x00000118   Zero   RW          489    .bss                spi.o
    0x20000a6c        -       0x00000048   Zero   RW          532    .bss                tim.o
    0x20000ab4        -       0x000000e8   Zero   RW          580    .bss                usart.o
    0x20000b9c        -       0x00000048   Zero   RW          770    .bss                stm32f4xx_hal_timebase_tim.o
    0x20000be4        -       0x00000020   Zero   RW         1213    .bss                stm32f4xx_hal_flash.o
    0x20000c04        -       0x00000040   Zero   RW         4483    .bss                queue.o
    0x20000c44        -       0x000000f0   Zero   RW         4851    .bss                tasks.o
    0x20000d34        -       0x00000110   Zero   RW         5166    .bss                timers.o
    0x20000e44        -       0x00006000   Zero   RW         5689    .bss                heap_4.o
    0x20006e44        -       0x00000048   Zero   RW         5819    .bss                bsp_can.o
    0x20006e8c        -       0x000001b8   Zero   RW         6040    .bss                pid.o
    0x20007044        -       0x0000002c   Zero   RW         6636    .bss                dji_imu.o
    0x20007070        -       0x00000024   Zero   RW         6738    .bss                m3508_motor.o
    0x20007094        -       0x00000050   Zero   RW         6776    .bss                m6020_motor.o
    0x200070e4        -       0x00000018   Zero   RW         6825    .bss                calibrate_task.o
    0x200070fc        -       0x00000029   Zero   RW         6826    .bss                calibrate_task.o
    0x20007125   COMPRESSED   0x00000003   PAD
    0x20007128        -       0x00000174   Zero   RW         6932    .bss                ins_task.o
    0x2000729c        -       0x00000060   Zero   RW         7245    .bss                c_w.l(libspace.o)
    0x200072fc   COMPRESSED   0x00000004   PAD
    0x20007300        -       0x00002000   Zero   RW            2    HEAP                startup_stm32f407xx.o
    0x20009300        -       0x00002000   Zero   RW            1    STACK               startup_stm32f407xx.o


    Execution Region RW_IRAM2 (Exec base: 0x2001c000, Load base: 0x0800a108, Size: 0x00000000, Max: 0x00004000, ABSOLUTE)

    **** No section assigned to this execution region ****


==============================================================================

Image component sizes


      Code (inc. data)   RO Data    RW Data    ZI Data      Debug   Object Name

      2118         42         18         52          0      12299   bmi088driver.o
       108         28          0          0          0       4600   bmi088middleware.o
       216         30          0          0         72       3108   bsp_can.o
        92         18          0          8          0       1344   bsp_delay.o
       566         96          0         16          0       4117   bsp_flash.o
      4964         74          0          0          0       2422   bsp_spi.o
       636         54          3         20         65       5928   calibrate_task.o
       388         42          0          4         80       2570   can.o
       614         98          0          1          0       4308   cloud_control.o
       158          0          0          0          0      24039   cmsis_os.o
       184         34          0         18         44       1790   dji_imu.o
        92          4          0          0          0        866   dma.o
        56          6          0         38          0      16060   dr16.o
         0          0          0          0          0      19768   event_groups.o
       332         26        313         36       1704      10132   freertos.o
       352         22          0          0          0       1163   gpio.o
       472         24          0         32      24576       4975   heap_4.o
       212         32          0          0         84       1805   i2c.o
        94         14          0          0          0       1178   iir_filter.o
        40          4          0          0          0       1039   imu_send_task.o
      2508        168          0        160        372      16229   ins_task.o
       128          6         12          0          0       1447   ist8310driver.o
       112         22          0          0          0       3743   ist8310middleware.o
       138          0          0          0          0       3650   list.o
       140         10          0          0         36       2611   m3508_motor.o
       264         20          0          0         80       3810   m6020_motor.o
      1380         40          0         20          0       3709   mahonyahrs.o
       226         14          0          0          0     758484   main.o
       954         68          0          0        440       6581   pid.o
       786         82          0         12          0      12073   port.o
      1568         20          0          0         64      18630   queue.o
        22          0          0          0          0       1068   robot_control_task.o
       324         34          0          0        280       1987   spi.o
        64         26        392          0      16384        864   startup_stm32f407xx.o
        80         14          0         12          0       8194   stm32f4xx_hal.o
      1658          6          0          0          0      14643   stm32f4xx_hal_can.o
       158         14          0          0          0      33246   stm32f4xx_hal_cortex.o
       934         16          8          0          0       5751   stm32f4xx_hal_dma.o
       520         66          0          0         32       6802   stm32f4xx_hal_flash.o
       356         24          0          0          0       4090   stm32f4xx_hal_flash_ex.o
       540         52          0          0          0       3578   stm32f4xx_hal_gpio.o
      2174         52          0          0          0      13178   stm32f4xx_hal_i2c.o
        56          4          0          0          0        906   stm32f4xx_hal_msp.o
      1412         86          0          0          0       6029   stm32f4xx_hal_rcc.o
       942         12          0          0          0       5005   stm32f4xx_hal_spi.o
      1468        108          0          0          0      12370   stm32f4xx_hal_tim.o
         4          0          0          0          0       1657   stm32f4xx_hal_tim_ex.o
       152         20          0          0         72       1535   stm32f4xx_hal_timebase_tim.o
      1276         16          0          0          0       8540   stm32f4xx_hal_uart.o
        96         30          0          0          0       7967   stm32f4xx_it.o
         0          0          0          0          0        384   stream_buffer.o
        16          4         24          4          0       1187   system_stm32f4xx.o
       200         10          0          0          0       1206   task_canmsg.o
      3040        214          0         60        240      35247   tasks.o
       224         30          0          0         72       2382   tim.o
       972         80          0         20        272      30151   timers.o
       412         56          0          0        232       2670   usart.o

    ----------------------------------------------------------------------
     37046       2072        808        520      45204    1165115   Object Totals
         0          0         32          0          0          0   (incl. Generated)
        48          0          6          7          3          0   (incl. Padding)

    ----------------------------------------------------------------------

      Code (inc. data)   RO Data    RW Data    ZI Data      Debug   Library Member Name

        90          0          0          0          0          0   __dczerorl2.o
         8          0          0          0          0         68   __main.o
         0          0          0          0          0          0   __rtentry.o
        12          0          0          0          0          0   __rtentry2.o
         6          0          0          0          0          0   __rtentry4.o
        52          8          0          0          0          0   __scatter.o
        28          0          0          0          0          0   __scatter_zi.o
        22          0          0          0          0        100   _rserrno.o
        16          0          0          0          0         68   aeabi_memset.o
        18          0          0          0          0         80   exit.o
         6          0          0          0          0        152   heapauxi.o
         0          0          0          0          0          0   indicate_semi.o
         2          0          0          0          0          0   libinit.o
         6          0          0          0          0          0   libinit2.o
         2          0          0          0          0          0   libshutdown.o
         2          0          0          0          0          0   libshutdown2.o
         8          4          0          0         96         68   libspace.o
       238          0          0          0          0        100   lludivv7m.o
         8          4          0          0          0         68   rt_errno_addr_intlibspace.o
        68          0          0          0          0         68   rt_memclr.o
        78          0          0          0          0         80   rt_memclr_w.o
       138          0          0          0          0         68   rt_memcpy_v6.o
       100          0          0          0          0         80   rt_memcpy_w.o
         2          0          0          0          0          0   rtexit.o
        10          0          0          0          0          0   rtexit2.o
        62          0          0          0          0         76   strlen.o
        12          4          0          0          0         68   sys_exit.o
        74          0          0          0          0         80   sys_stackheap_outer.o
         2          0          0          0          0         68   use_no_semi.o
        98          4          0          0          0        140   d2f.o
       156          4          0          0          0        140   dnaninf.o
        12          0          0          0          0        116   dretinf.o
       408         56          0          0          0        168   dsqrt_umaal.o
        86          4          0          0          0        132   f2d.o
       140          4          0          0          0        132   fnaninf.o
        10          0          0          0          0        116   fpinit.o
        10          0          0          0          0        116   fretinf.o
         0          0          0          0          0          0   usenofp.o
       300         42          0          0          0        176   asinf.o
       684         90          0          0          0        208   atan2f.o
        38          0          0          0          0        116   fpclassifyf.o
        44         12          0          0          0        464   funder.o
       122          0          0          0          0        148   sqrt.o
        62          0          0          0          0        136   sqrtf.o

    ----------------------------------------------------------------------
      3254        236          0          0        100       3600   Library Totals
        14          0          0          0          4          0   (incl. Padding)

    ----------------------------------------------------------------------

      Code (inc. data)   RO Data    RW Data    ZI Data      Debug   Library Name

      1070         20          0          0         96       1292   c_w.l
       920         72          0          0          0       1060   fz_wm.l
      1250        144          0          0          0       1248   m_wm.l

    ----------------------------------------------------------------------
      3254        236          0          0        100       3600   Library Totals

    ----------------------------------------------------------------------

==============================================================================


      Code (inc. data)   RO Data    RW Data    ZI Data      Debug   

     40300       2308        808        520      45304    1138091   Grand Totals
     40300       2308        808        116      45304    1138091   ELF Image Totals (compressed)
     40300       2308        808        116          0          0   ROM Totals

==============================================================================

    Total RO  Size (Code + RO Data)                41108 (  40.14kB)
    Total RW  Size (RW Data + ZI Data)             45824 (  44.75kB)
    Total ROM Size (Code + RO Data + RW Data)      41224 (  40.26kB)

==============================================================================

